Archive member included to satisfy reference by file (symbol)

C:/ST/STM32CubeIDE_1.4.0/STM32CubeIDE/plugins/com.st.stm32cube.ide.mcu.externaltools.gnu-tools-for-stm32.11.3.rel1.win32_1.1.100.202309141235/tools/bin/../lib/gcc/arm-none-eabi/11.3.1/../../../../arm-none-eabi/lib/thumb/v7e-m+fp/hard\libc_nano.a(libc_a-exit.o)
                              C:/ST/STM32CubeIDE_1.4.0/STM32CubeIDE/plugins/com.st.stm32cube.ide.mcu.externaltools.gnu-tools-for-stm32.11.3.rel1.win32_1.1.100.202309141235/tools/bin/../lib/gcc/arm-none-eabi/11.3.1/../../../../arm-none-eabi/lib/thumb/v7e-m+fp/hard/crt0.o (exit)
C:/ST/STM32CubeIDE_1.4.0/STM32CubeIDE/plugins/com.st.stm32cube.ide.mcu.externaltools.gnu-tools-for-stm32.11.3.rel1.win32_1.1.100.202309141235/tools/bin/../lib/gcc/arm-none-eabi/11.3.1/../../../../arm-none-eabi/lib/thumb/v7e-m+fp/hard\libc_nano.a(libc_a-findfp.o)
                              C:/ST/STM32CubeIDE_1.4.0/STM32CubeIDE/plugins/com.st.stm32cube.ide.mcu.externaltools.gnu-tools-for-stm32.11.3.rel1.win32_1.1.100.202309141235/tools/bin/../lib/gcc/arm-none-eabi/11.3.1/../../../../arm-none-eabi/lib/thumb/v7e-m+fp/hard\libc_nano.a(libc_a-exit.o) (__stdio_exit_handler)
C:/ST/STM32CubeIDE_1.4.0/STM32CubeIDE/plugins/com.st.stm32cube.ide.mcu.externaltools.gnu-tools-for-stm32.11.3.rel1.win32_1.1.100.202309141235/tools/bin/../lib/gcc/arm-none-eabi/11.3.1/../../../../arm-none-eabi/lib/thumb/v7e-m+fp/hard\libc_nano.a(libc_a-fwalk.o)
                              C:/ST/STM32CubeIDE_1.4.0/STM32CubeIDE/plugins/com.st.stm32cube.ide.mcu.externaltools.gnu-tools-for-stm32.11.3.rel1.win32_1.1.100.202309141235/tools/bin/../lib/gcc/arm-none-eabi/11.3.1/../../../../arm-none-eabi/lib/thumb/v7e-m+fp/hard\libc_nano.a(libc_a-findfp.o) (_fwalk_sglue)
C:/ST/STM32CubeIDE_1.4.0/STM32CubeIDE/plugins/com.st.stm32cube.ide.mcu.externaltools.gnu-tools-for-stm32.11.3.rel1.win32_1.1.100.202309141235/tools/bin/../lib/gcc/arm-none-eabi/11.3.1/../../../../arm-none-eabi/lib/thumb/v7e-m+fp/hard\libc_nano.a(libc_a-sprintf.o)
                              ./Core/Src/blackbox.o (sprintf)
C:/ST/STM32CubeIDE_1.4.0/STM32CubeIDE/plugins/com.st.stm32cube.ide.mcu.externaltools.gnu-tools-for-stm32.11.3.rel1.win32_1.1.100.202309141235/tools/bin/../lib/gcc/arm-none-eabi/11.3.1/../../../../arm-none-eabi/lib/thumb/v7e-m+fp/hard\libc_nano.a(libc_a-stdio.o)
                              C:/ST/STM32CubeIDE_1.4.0/STM32CubeIDE/plugins/com.st.stm32cube.ide.mcu.externaltools.gnu-tools-for-stm32.11.3.rel1.win32_1.1.100.202309141235/tools/bin/../lib/gcc/arm-none-eabi/11.3.1/../../../../arm-none-eabi/lib/thumb/v7e-m+fp/hard\libc_nano.a(libc_a-findfp.o) (__sread)
C:/ST/STM32CubeIDE_1.4.0/STM32CubeIDE/plugins/com.st.stm32cube.ide.mcu.externaltools.gnu-tools-for-stm32.11.3.rel1.win32_1.1.100.202309141235/tools/bin/../lib/gcc/arm-none-eabi/11.3.1/../../../../arm-none-eabi/lib/thumb/v7e-m+fp/hard\libc_nano.a(libc_a-memset.o)
                              C:/ST/STM32CubeIDE_1.4.0/STM32CubeIDE/plugins/com.st.stm32cube.ide.mcu.externaltools.gnu-tools-for-stm32.11.3.rel1.win32_1.1.100.202309141235/tools/bin/../lib/gcc/arm-none-eabi/11.3.1/../../../../arm-none-eabi/lib/thumb/v7e-m+fp/hard/crt0.o (memset)
C:/ST/STM32CubeIDE_1.4.0/STM32CubeIDE/plugins/com.st.stm32cube.ide.mcu.externaltools.gnu-tools-for-stm32.11.3.rel1.win32_1.1.100.202309141235/tools/bin/../lib/gcc/arm-none-eabi/11.3.1/../../../../arm-none-eabi/lib/thumb/v7e-m+fp/hard\libc_nano.a(libc_a-closer.o)
                              C:/ST/STM32CubeIDE_1.4.0/STM32CubeIDE/plugins/com.st.stm32cube.ide.mcu.externaltools.gnu-tools-for-stm32.11.3.rel1.win32_1.1.100.202309141235/tools/bin/../lib/gcc/arm-none-eabi/11.3.1/../../../../arm-none-eabi/lib/thumb/v7e-m+fp/hard\libc_nano.a(libc_a-stdio.o) (_close_r)
C:/ST/STM32CubeIDE_1.4.0/STM32CubeIDE/plugins/com.st.stm32cube.ide.mcu.externaltools.gnu-tools-for-stm32.11.3.rel1.win32_1.1.100.202309141235/tools/bin/../lib/gcc/arm-none-eabi/11.3.1/../../../../arm-none-eabi/lib/thumb/v7e-m+fp/hard\libc_nano.a(libc_a-reent.o)
                              C:/ST/STM32CubeIDE_1.4.0/STM32CubeIDE/plugins/com.st.stm32cube.ide.mcu.externaltools.gnu-tools-for-stm32.11.3.rel1.win32_1.1.100.202309141235/tools/bin/../lib/gcc/arm-none-eabi/11.3.1/../../../../arm-none-eabi/lib/thumb/v7e-m+fp/hard\libc_nano.a(libc_a-closer.o) (errno)
C:/ST/STM32CubeIDE_1.4.0/STM32CubeIDE/plugins/com.st.stm32cube.ide.mcu.externaltools.gnu-tools-for-stm32.11.3.rel1.win32_1.1.100.202309141235/tools/bin/../lib/gcc/arm-none-eabi/11.3.1/../../../../arm-none-eabi/lib/thumb/v7e-m+fp/hard\libc_nano.a(libc_a-impure.o)
                              C:/ST/STM32CubeIDE_1.4.0/STM32CubeIDE/plugins/com.st.stm32cube.ide.mcu.externaltools.gnu-tools-for-stm32.11.3.rel1.win32_1.1.100.202309141235/tools/bin/../lib/gcc/arm-none-eabi/11.3.1/../../../../arm-none-eabi/lib/thumb/v7e-m+fp/hard\libc_nano.a(libc_a-sprintf.o) (_impure_ptr)
[...]
Memory Configuration

Name             Origin             Length             Attributes
RAM              0x0000000020000000 0x0000000000020000 xrw
FLASH            0x0000000008000000 0x0000000000080000 xr
*default*        0x0000000000000000 0xffffffffffffffff

Linker script and memory map

LOAD C:/ST/STM32CubeIDE_1.4.0/STM32CubeIDE/plugins/com.st.stm32cube.ide.mcu.externaltools.gnu-tools-for-stm32.11.3.rel1.win32_1.1.100.202309141235/tools/bin/../lib/gcc/arm-none-eabi/11.3.1/thumb/v7e-m+fp/hard/crti.o
LOAD C:/ST/STM32CubeIDE_1.4.0/STM32CubeIDE/plugins/com.st.stm32cube.ide.mcu.externaltools.gnu-tools-for-stm32.11.3.rel1.win32_1.1.100.202309141235/tools/bin/../lib/gcc/arm-none-eabi/11.3.1/thumb/v7e-m+fp/hard/crtbegin.o
LOAD C:/ST/STM32CubeIDE_1.4.0/STM32CubeIDE/plugins/com.st.stm32cube.ide.mcu.externaltools.gnu-tools-for-stm32.11.3.rel1.win32_1.1.100.202309141235/tools/bin/../lib/gcc/arm-none-eabi/11.3.1/../../../../arm-none-eabi/lib/thumb/v7e-m+fp/hard/crt0.o
LOAD ./Core/Src/VCP.o
LOAD ./Core/Src/blackbox.o
LOAD ./Core/Src/console.o
LOAD ./Core/Src/cpu_load.o
LOAD ./Core/Src/main.o
LOAD ./Core/Src/project_resources.o
LOAD ./Core/Src/stm32f4xx_hal_msp.o
LOAD ./Core/Src/stm32f4xx_it.o
LOAD ./Core/Src/syscalls.o
LOAD ./Core/Src/sysmem.o
LOAD ./Core/Src/system_stm32f4xx.o
LOAD ./Core/Src/time.o
LOAD ./Core/Startup/startup_stm32f446retx.o
LOAD ./Drivers/STM32F4xx_HAL_Driver/Src/stm32f4xx_hal.o
LOAD ./Drivers/STM32F4xx_HAL_Driver/Src/stm32f4xx_hal_can.o
LOAD ./Drivers/STM32F4xx_HAL_Driver/Src/stm32f4xx_hal_cortex.o
LOAD ./Drivers/STM32F4xx_HAL_Driver/Src/stm32f4xx_hal_dma.o
LOAD ./Drivers/STM32F4xx_HAL_Driver/Src/stm32f4xx_hal_dma_ex.o
LOAD ./Drivers/STM32F4xx_HAL_Driver/Src/stm32f4xx_hal_exti.o
LOAD ./Drivers/STM32F4xx_HAL_Driver/Src/stm32f4xx_hal_flash.o
LOAD ./Drivers/STM32F4xx_HAL_Driver/Src/stm32f4xx_hal_flash_ex.o
LOAD ./Drivers/STM32F4xx_HAL_Driver/Src/stm32f4xx_hal_flash_ramfunc.o
LOAD ./Drivers/STM32F4xx_HAL_Driver/Src/stm32f4xx_hal_gpio.o
LOAD ./Drivers/STM32F4xx_HAL_Driver/Src/stm32f4xx_hal_pcd.o
LOAD ./Drivers/STM32F4xx_HAL_Driver/Src/stm32f4xx_hal_pcd_ex.o
LOAD ./Drivers/STM32F4xx_HAL_Driver/Src/stm32f4xx_hal_pwr.o
LOAD ./Drivers/STM32F4xx_HAL_Driver/Src/stm32f4xx_hal_pwr_ex.o
LOAD ./Drivers/STM32F4xx_HAL_Driver/Src/stm32f4xx_hal_rcc.o
LOAD ./Drivers/STM32F4xx_HAL_Driver/Src/stm32f4xx_hal_rcc_ex.o
LOAD ./Drivers/STM32F4xx_HAL_Driver/Src/stm32f4xx_hal_sd.o
LOAD ./Drivers/STM32F4xx_HAL_Driver/Src/stm32f4xx_hal_spi.o
LOAD ./Drivers/STM32F4xx_HAL_Driver/Src/stm32f4xx_hal_tim.o
LOAD ./Drivers/STM32F4xx_HAL_Driver/Src/stm32f4xx_hal_tim_ex.o
LOAD ./Drivers/STM32F4xx_HAL_Driver/Src/stm32f4xx_ll_sdmmc.o
LOAD ./Drivers/STM32F4xx_HAL_Driver/Src/stm32f4xx_ll_usb.o
LOAD ./FATFS/App/fatfs.o
LOAD ./FATFS/Target/bsp_driver_sd.o
LOAD ./FATFS/Target/fatfs_platform.o
LOAD ./FATFS/Target/sd_diskio.o
LOAD ./Middlewares/ST/STM32_USB_Device_Library/Class/CDC/Src/usbd_cdc.o
LOAD ./Middlewares/ST/STM32_USB_Device_Library/Core/Src/usbd_core.o
LOAD ./Middlewares/ST/STM32_USB_Device_Library/Core/Src/usbd_ctlreq.o
LOAD ./Middlewares/ST/STM32_USB_Device_Library/Core/Src/usbd_ioreq.o
LOAD ./Middlewares/Third_Party/FatFs/src/diskio.o
LOAD ./Middlewares/Third_Party/FatFs/src/ff.o
LOAD ./Middlewares/Third_Party/FatFs/src/ff_gen_drv.o
LOAD ./Middlewares/Third_Party/FatFs/src/option/ccsbcs.o
LOAD ./Middlewares/Third_Party/FatFs/src/option/syscall.o
LOAD ./USB_DEVICE/App/usb_device.o
LOAD ./USB_DEVICE/App/usbd_cdc_if.o
LOAD ./USB_DEVICE/App/usbd_desc.o
LOAD ./USB_DEVICE/Target/usbd_conf.o
START GROUP
LOAD C:/ST/STM32CubeIDE_1.4.0/STM32CubeIDE/plugins/com.st.stm32cube.ide.mcu.externaltools.gnu-tools-for-stm32.11.3.rel1.win32_1.1.100.202309141235/tools/bin/../lib/gcc/arm-none-eabi/11.3.1/../../../../arm-none-eabi/lib/thumb/v7e-m+fp/hard\libc_nano.a
LOAD C:/ST/STM32CubeIDE_1.4.0/STM32CubeIDE/plugins/com.st.stm32cube.ide.mcu.externaltools.gnu-tools-for-stm32.11.3.rel1.win32_1.1.100.202309141235/tools/bin/../lib/gcc/arm-none-eabi/11.3.1/../../../../arm-none-eabi/lib/thumb/v7e-m+fp/hard\libm.a
END GROUP
START GROUP
LOAD C:/ST/STM32CubeIDE_1.4.0/STM32CubeIDE/plugins/com.st.stm32cube.ide.mcu.externaltools.gnu-tools-for-stm32.11.3.rel1.win32_1.1.100.202309141235/tools/bin/../lib/gcc/arm-none-eabi/11.3.1/thumb/v7e-m+fp/hard\libgcc.a
LOAD C:/ST/STM32CubeIDE_1.4.0/STM32CubeIDE/plugins/com.st.stm32cube.ide.mcu.externaltools.gnu-tools-for-stm32.11.3.rel1.win32_1.1.100.202309141235/tools/bin/../lib/gcc/arm-none-eabi/11.3.1/../../../../arm-none-eabi/lib/thumb/v7e-m+fp/hard\libc_nano.a
END GROUP
START GROUP
LOAD C:/ST/STM32CubeIDE_1.4.0/STM32CubeIDE/plugins/com.st.stm32cube.ide.mcu.externaltools.gnu-tools-for-stm32.11.3.rel1.win32_1.1.100.202309141235/tools/bin/../lib/gcc/arm-none-eabi/11.3.1/thumb/v7e-m+fp/hard\libgcc.a
LOAD C:/ST/STM32CubeIDE_1.4.0/STM32CubeIDE/plugins/com.st.stm32cube.ide.mcu.externaltools.gnu-tools-for-stm32.11.3.rel1.win32_1.1.100.202309141235/tools/bin/../lib/gcc/arm-none-eabi/11.3.1/../../../../arm-none-eabi/lib/thumb/v7e-m+fp/hard\libc_nano.a
LOAD C:/ST/STM32CubeIDE_1.4.0/STM32CubeIDE/plugins/com.st.stm32cube.ide.mcu.externaltools.gnu-tools-for-stm32.11.3.rel1.win32_1.1.100.202309141235/tools/bin/../lib/gcc/arm-none-eabi/11.3.1/../../../../arm-none-eabi/lib/thumb/v7e-m+fp/hard\libnosys.a
END GROUP
START GROUP
LOAD C:/ST/STM32CubeIDE_1.4.0/STM32CubeIDE/plugins/com.st.stm32cube.ide.mcu.externaltools.gnu-tools-for-stm32.11.3.rel1.win32_1.1.100.202309141235/tools/bin/../lib/gcc/arm-none-eabi/11.3.1/thumb/v7e-m+fp/hard\libgcc.a
LOAD C:/ST/STM32CubeIDE_1.4.0/STM32CubeIDE/plugins/com.st.stm32cube.ide.mcu.externaltools.gnu-tools-for-stm32.11.3.rel1.win32_1.1.100.202309141235/tools/bin/../lib/gcc/arm-none-eabi/11.3.1/../../../../arm-none-eabi/lib/thumb/v7e-m+fp/hard\libc_nano.a
LOAD C:/ST/STM32CubeIDE_1.4.0/STM32CubeIDE/plugins/com.st.stm32cube.ide.mcu.externaltools.gnu-tools-for-stm32.11.3.rel1.win32_1.1.100.202309141235/tools/bin/../lib/gcc/arm-none-eabi/11.3.1/../../../../arm-none-eabi/lib/thumb/v7e-m+fp/hard\libnosys.a
END GROUP
LOAD C:/ST/STM32CubeIDE_1.4.0/STM32CubeIDE/plugins/com.st.stm32cube.ide.mcu.externaltools.gnu-tools-for-stm32.11.3.rel1.win32_1.1.100.202309141235/tools/bin/../lib/gcc/arm-none-eabi/11.3.1/thumb/v7e-m+fp/hard/crtend.o
LOAD C:/ST/STM32CubeIDE_1.4.0/STM32CubeIDE/plugins/com.st.stm32cube.ide.mcu.externaltools.gnu-tools-for-stm32.11.3.rel1.win32_1.1.100.202309141235/tools/bin/../lib/gcc/arm-none-eabi/11.3.1/thumb/v7e-m+fp/hard/crtn.o
                0x0000000020020000                _estack = (ORIGIN (RAM) + LENGTH (RAM))
                0x0000000000000200                _Min_Heap_Size = 0x200
                0x0000000000000400                _Min_Stack_Size = 0x400

.isr_vector     0x0000000008000000      0x1c4
                0x0000000008000000                . = ALIGN (0x4)
 *(.isr_vector)
 .isr_vector    0x0000000008000000      0x1c4 ./Core/Startup/startup_stm32f446retx.o
                0x0000000008000000                g_pfnVectors
                0x00000000080001c4                . = ALIGN (0x4)

.text           0x00000000080001d0     0xbd54
                0x00000000080001d0                . = ALIGN (0x4)
 *(.text)
 .text          0x00000000080001d0       0x40 C:/ST/STM32CubeIDE_1.4.0/STM32CubeIDE/plugins/com.st.stm32cube.ide.mcu.externaltools.gnu-tools-for-stm32.11.3.rel1.win32_1.1.100.202309141235/tools/bin/../lib/gcc/arm-none-eabi/11.3.1/thumb/v7e-m+fp/hard/crtbegin.o
 .text          0x0000000008000210       0x10 C:/ST/STM32CubeIDE_1.4.0/STM32CubeIDE/plugins/com.st.stm32cube.ide.mcu.externaltools.gnu-tools-for-stm32.11.3.rel1.win32_1.1.100.202309141235/tools/bin/../lib/gcc/arm-none-eabi/11.3.1/../../../../arm-none-eabi/lib/thumb/v7e-m+fp/hard\libc_nano.a(libc_a-strlen.o)
                0x0000000008000210                strlen
 .text          0x0000000008000220       0xa0 C:/ST/STM32CubeIDE_1.4.0/STM32CubeIDE/plugins/com.st.stm32cube.ide.mcu.externaltools.gnu-tools-for-stm32.11.3.rel1.win32_1.1.100.202309141235/tools/bin/../lib/gcc/arm-none-eabi/11.3.1/../../../../arm-none-eabi/lib/thumb/v7e-m+fp/hard\libc_nano.a(libc_a-memchr.o)
                0x0000000008000220                memchr
 .text          0x00000000080002c0       0x30 C:/ST/STM32CubeIDE_1.4.0/STM32CubeIDE/plugins/com.st.stm32cube.ide.mcu.externaltools.gnu-tools-for-stm32.11.3.rel1.win32_1.1.100.202309141235/tools/bin/../lib/gcc/arm-none-eabi/11.3.1/thumb/v7e-m+fp/hard\libgcc.a(_aeabi_uldivmod.o)
                0x00000000080002c0                __aeabi_uldivmod
 .text          0x00000000080002f0      0x2c8 C:/ST/STM32CubeIDE_1.4.0/STM32CubeIDE/plugins/com.st.stm32cube.ide.mcu.externaltools.gnu-tools-for-stm32.11.3.rel1.win32_1.1.100.202309141235/tools/bin/../lib/gcc/arm-none-eabi/11.3.1/thumb/v7e-m+fp/hard\libgcc.a(_udivmoddi4.o)
                0x00000000080002f0                __udivmoddi4
 .text          0x00000000080005b8        0x4 C:/ST/STM32CubeIDE_1.4.0/STM32CubeIDE/plugins/com.st.stm32cube.ide.mcu.externaltools.gnu-tools-for-stm32.11.3.rel1.win32_1.1.100.202309141235/tools/bin/../lib/gcc/arm-none-eabi/11.3.1/thumb/v7e-m+fp/hard\libgcc.a(_dvmd_tls.o)
                0x00000000080005b8                __aeabi_idiv0
                0x00000000080005b8                __aeabi_ldiv0
 *(.text*)
 .text.vcp_Read
                0x00000000080005bc       0x44 ./Core/Src/VCP.o
                0x00000000080005bc                vcp_Read
 .text.vcp_RxDataHandler
                0x0000000008000600       0x68 ./Core/Src/VCP.o
                0x0000000008000600                vcp_RxDataHandler
 .text.vcp_getRxCount
                0x0000000008000668        0xc ./Core/Src/VCP.o
                0x0000000008000668                vcp_getRxCount
 .text.blackbox_GetCardInfo
                0x0000000008000674       0x80 ./Core/Src/blackbox.o
                0x0000000008000674                blackbox_GetCardInfo
 .text.blackbox_Init
                0x00000000080006f4       0x70 ./Core/Src/blackbox.o
                0x00000000080006f4                blackbox_Init
 .text.blackbox_SetHeader
                0x0000000008000764       0x28 ./Core/Src/blackbox.o
                0x0000000008000764                blackbox_SetHeader
 .text.blackbox_BufferData
                0x000000000800078c       0xa8 ./Core/Src/blackbox.o
                0x000000000800078c                blackbox_BufferData
 .text.blackbox_WriteHeader
                0x0000000008000834       0x18 ./Core/Src/blackbox.o
                0x0000000008000834                blackbox_WriteHeader
 .text.blackbox_CreateFile
                0x000000000800084c       0xe0 ./Core/Src/blackbox.o
                0x000000000800084c                blackbox_CreateFile
 .text.blackboxIsFileFull
                0x000000000800092c       0x20 ./Core/Src/blackbox.o
                0x000000000800092c                blackboxIsFileFull
 .text.blackbox_Sync
                0x000000000800094c       0x3c ./Core/Src/blackbox.o
                0x000000000800094c                blackbox_Sync
 .text.sdCheckState
                0x0000000008000988       0xdc ./Core/Src/blackbox.o
                0x0000000008000988                sdCheckState
 .text.blackbox_WriteSector
                0x0000000008000a64       0x68 ./Core/Src/blackbox.o
                0x0000000008000a64                blackbox_WriteSector
 .text.blackbox_WriteRandom
                0x0000000008000acc       0x58 ./Core/Src/blackbox.o
                0x0000000008000acc                blackbox_WriteRandom
 .text.blackboxFlushBuffers
                0x0000000008000b24       0x3c ./Core/Src/blackbox.o
                0x0000000008000b24                blackboxFlushBuffers
 .text.blackboxGetBufferAvailable
                0x0000000008000b60       0x10 ./Core/Src/blackbox.o
                0x0000000008000b60                blackboxGetBufferAvailable
 .text.blackboxMeasureWritekBps
                0x0000000008000b70       0x40 ./Core/Src/blackbox.o
                0x0000000008000b70                blackboxMeasureWritekBps
 .text.blackbox_ProcessData
                0x0000000008000bb0       0x80 ./Core/Src/blackbox.o
                0x0000000008000bb0                blackbox_ProcessData
 .text.blackbox_CloseFile
                0x0000000008000c30       0x80 ./Core/Src/blackbox.o
                0x0000000008000c30                blackbox_CloseFile
 .text.sdGetCardType
                0x0000000008000cb0        0xc ./Core/Src/blackbox.o
                0x0000000008000cb0                sdGetCardType
 .text.sdGetCardVersion
                0x0000000008000cbc        0xc ./Core/Src/blackbox.o
                0x0000000008000cbc                sdGetCardVersion
 .text.sdGetCardClass
                0x0000000008000cc8        0xc ./Core/Src/blackbox.o
                0x0000000008000cc8                sdGetCardClass
 .text.sdGetCardAdd
                0x0000000008000cd4        0xc ./Core/Src/blackbox.o
                0x0000000008000cd4                sdGetCardAdd
 .text.sdGetCardBlockNber
                0x0000000008000ce0        0xc ./Core/Src/blackbox.o
                0x0000000008000ce0                sdGetCardBlockNber
 .text.sdGetCardBlockSize
                0x0000000008000cec        0xc ./Core/Src/blackbox.o
                0x0000000008000cec                sdGetCardBlockSize
 .text.sdGetCardLogBlkNber
                0x0000000008000cf8        0xc ./Core/Src/blackbox.o
                0x0000000008000cf8                sdGetCardLogBlkNber
 .text.sdGetCardLogBlockSize
                0x0000000008000d04        0xc ./Core/Src/blackbox.o
                0x0000000008000d04                sdGetCardLogBlockSize
 .text.sdGetWritekBps
                0x0000000008000d10        0xc ./Core/Src/blackbox.o
                0x0000000008000d10                sdGetWritekBps
 .text.blackboxGetBytesWritten
                0x0000000008000d1c        0xc ./Core/Src/blackbox.o
                0x0000000008000d1c                blackboxGetBytesWritten
 .text.printCLI
                0x0000000008000d28      0x4a4 ./Core/Src/console.o
                0x0000000008000d28                printCLI
 .text.streamData
                0x00000000080011cc       0x60 ./Core/Src/console.o
                0x00000000080011cc                streamData
 .text.cpuLoad_Init
                0x000000000800122c       0x18 ./Core/Src/cpu_load.o
                0x000000000800122c                cpuLoad_Init
 .text.cpuLoad_Start
                0x0000000008001244        0xc ./Core/Src/cpu_load.o
                0x0000000008001244                cpuLoad_Start
 .text.cpuLoad_End
                0x0000000008001250       0x5c ./Core/Src/cpu_load.o
                0x0000000008001250                cpuLoad_End
 .text.cpuLoad_Process
                0x00000000080012ac       0x94 ./Core/Src/cpu_load.o
                0x00000000080012ac                cpuLoad_Process
 .text.cpuLoad_Reset
                0x0000000008001340       0x38 ./Core/Src/cpu_load.o
                0x0000000008001340                cpuLoad_Reset
 .text.cpuLoad_GetPercentLoad
                0x0000000008001378        0xc ./Core/Src/cpu_load.o
                0x0000000008001378                cpuLoad_GetPercentLoad
 .text.cpuLoad_GetMaxLoopTime
                0x0000000008001384        0xc ./Core/Src/cpu_load.o
                0x0000000008001384                cpuLoad_GetMaxLoopTime
 .text.cpuLoad_GetMinLoopTime
                0x0000000008001390        0xc ./Core/Src/cpu_load.o
                0x0000000008001390                cpuLoad_GetMinLoopTime
 .text.MX_SDIO_SD_Init
                0x000000000800139c       0x28 ./Core/Src/main.o
 .text.MX_GPIO_Init
                0x00000000080013c4      0x124 ./Core/Src/main.o
 .text.MX_DMA_Init
                0x00000000080014e8       0x44 ./Core/Src/main.o
 .text.HAL_TIM_PeriodElapsedCallback
                0x000000000800152c        0xc ./Core/Src/main.o
                0x000000000800152c                HAL_TIM_PeriodElapsedCallback
 .text.Error_Handler
                0x0000000008001538       0x14 ./Core/Src/main.o
                0x0000000008001538                Error_Handler
 .text.MX_CAN2_Init
                0x000000000800154c       0x38 ./Core/Src/main.o
 .text.MX_SPI1_Init
                0x0000000008001584       0x40 ./Core/Src/main.o
 .text.MX_TIM3_Init
                0x00000000080015c4       0x68 ./Core/Src/main.o
 .text.MX_TIM7_Init
                0x000000000800162c       0x48 ./Core/Src/main.o
 .text.MX_TIM6_Init
                0x0000000008001674       0x4c ./Core/Src/main.o
 .text.MX_TIM2_Init
                0x00000000080016c0       0x68 ./Core/Src/main.o
 .text.SystemClock_Config
                0x0000000008001728       0xac ./Core/Src/main.o
                0x0000000008001728                SystemClock_Config
 .text.main     0x00000000080017d4      0x2e0 ./Core/Src/main.o
                0x00000000080017d4                main
 .text.HAL_MspInit
                0x0000000008001ab4       0x38 ./Core/Src/stm32f4xx_hal_msp.o
                0x0000000008001ab4                HAL_MspInit
 .text.HAL_CAN_MspInit
                0x0000000008001aec       0x84 ./Core/Src/stm32f4xx_hal_msp.o
                0x0000000008001aec                HAL_CAN_MspInit
 .text.HAL_SD_MspInit
                0x0000000008001b70      0x1bc ./Core/Src/stm32f4xx_hal_msp.o
                0x0000000008001b70                HAL_SD_MspInit
 .text.HAL_SPI_MspInit
                0x0000000008001d2c       0x70 ./Core/Src/stm32f4xx_hal_msp.o
                0x0000000008001d2c                HAL_SPI_MspInit
 .text.HAL_TIM_Base_MspInit
                0x0000000008001d9c       0xa8 ./Core/Src/stm32f4xx_hal_msp.o
                0x0000000008001d9c                HAL_TIM_Base_MspInit
 .text.NMI_Handler
                0x0000000008001e44        0x2 ./Core/Src/stm32f4xx_it.o
                0x0000000008001e44                NMI_Handler
 .text.HardFault_Handler
                0x0000000008001e46        0x2 ./Core/Src/stm32f4xx_it.o
                0x0000000008001e46                HardFault_Handler
 .text.MemManage_Handler
                0x0000000008001e48        0x2 ./Core/Src/stm32f4xx_it.o
                0x0000000008001e48                MemManage_Handler
 .text.BusFault_Handler
                0x0000000008001e4a        0x2 ./Core/Src/stm32f4xx_it.o
                0x0000000008001e4a                BusFault_Handler
 .text.UsageFault_Handler
                0x0000000008001e4c        0x2 ./Core/Src/stm32f4xx_it.o
                0x0000000008001e4c                UsageFault_Handler
 .text.SVC_Handler
                0x0000000008001e4e        0x2 ./Core/Src/stm32f4xx_it.o
                0x0000000008001e4e                SVC_Handler
 .text.DebugMon_Handler
                0x0000000008001e50        0x2 ./Core/Src/stm32f4xx_it.o
                0x0000000008001e50                DebugMon_Handler
 .text.PendSV_Handler
                0x0000000008001e52        0x2 ./Core/Src/stm32f4xx_it.o
                0x0000000008001e52                PendSV_Handler
 .text.SysTick_Handler
                0x0000000008001e54        0x8 ./Core/Src/stm32f4xx_it.o
                0x0000000008001e54                SysTick_Handler
 .text.SDIO_IRQHandler
                0x0000000008001e5c       0x10 ./Core/Src/stm32f4xx_it.o
                0x0000000008001e5c                SDIO_IRQHandler
 .text.TIM7_IRQHandler
                0x0000000008001e6c       0x10 ./Core/Src/stm32f4xx_it.o
                0x0000000008001e6c                TIM7_IRQHandler
 .text.DMA2_Stream3_IRQHandler
                0x0000000008001e7c       0x10 ./Core/Src/stm32f4xx_it.o
                0x0000000008001e7c                DMA2_Stream3_IRQHandler
 .text.OTG_FS_IRQHandler
                0x0000000008001e8c       0x10 ./Core/Src/stm32f4xx_it.o
                0x0000000008001e8c                OTG_FS_IRQHandler
 .text.DMA2_Stream6_IRQHandler
                0x0000000008001e9c       0x10 ./Core/Src/stm32f4xx_it.o
                0x0000000008001e9c                DMA2_Stream6_IRQHandler
 .text._sbrk    0x0000000008001eac       0x48 ./Core/Src/sysmem.o
                0x0000000008001eac                _sbrk
 .text.SystemInit
                0x0000000008001ef4       0x14 ./Core/Src/system_stm32f4xx.o
                0x0000000008001ef4                SystemInit
 .text.microsInit
                0x0000000008001f08       0x10 ./Core/Src/time.o
                0x0000000008001f08                microsInit
 .text.getMircos
                0x0000000008001f18       0x10 ./Core/Src/time.o
                0x0000000008001f18                getMircos
 .text.Reset_Handler
                0x0000000008001f28       0x50 ./Core/Startup/startup_stm32f446retx.o
                0x0000000008001f28                Reset_Handler
 .text.Default_Handler
                0x0000000008001f78        0x2 ./Core/Startup/startup_stm32f446retx.o
                0x0000000008001f78                RTC_Alarm_IRQHandler
                0x0000000008001f78                EXTI2_IRQHandler
                0x0000000008001f78                TIM8_CC_IRQHandler
                0x0000000008001f78                FMPI2C1_EV_IRQHandler
                0x0000000008001f78                SPI4_IRQHandler
                0x0000000008001f78                TIM1_CC_IRQHandler
                0x0000000008001f78                DMA2_Stream5_IRQHandler
                0x0000000008001f78                DMA1_Stream5_IRQHandler
                0x0000000008001f78                PVD_IRQHandler
                0x0000000008001f78                TAMP_STAMP_IRQHandler
                0x0000000008001f78                CAN2_RX1_IRQHandler
                0x0000000008001f78                EXTI3_IRQHandler
                0x0000000008001f78                TIM8_TRG_COM_TIM14_IRQHandler
                0x0000000008001f78                TIM1_UP_TIM10_IRQHandler
                0x0000000008001f78                TIM8_UP_TIM13_IRQHandler
                0x0000000008001f78                I2C3_ER_IRQHandler
                0x0000000008001f78                EXTI0_IRQHandler
                0x0000000008001f78                I2C2_EV_IRQHandler
                0x0000000008001f78                DMA1_Stream2_IRQHandler
                0x0000000008001f78                CAN1_RX0_IRQHandler
                0x0000000008001f78                FPU_IRQHandler
                0x0000000008001f78                OTG_HS_WKUP_IRQHandler
                0x0000000008001f78                CAN2_SCE_IRQHandler
                0x0000000008001f78                DMA2_Stream2_IRQHandler
                0x0000000008001f78                SPI1_IRQHandler
                0x0000000008001f78                TIM6_DAC_IRQHandler
                0x0000000008001f78                TIM1_BRK_TIM9_IRQHandler
                0x0000000008001f78                DCMI_IRQHandler
                0x0000000008001f78                CAN2_RX0_IRQHandler
                0x0000000008001f78                SAI2_IRQHandler
                0x0000000008001f78                USART6_IRQHandler
                0x0000000008001f78                USART3_IRQHandler
                0x0000000008001f78                CAN1_RX1_IRQHandler
                0x0000000008001f78                UART5_IRQHandler
                0x0000000008001f78                DMA2_Stream0_IRQHandler
                0x0000000008001f78                TIM4_IRQHandler
                0x0000000008001f78                QUADSPI_IRQHandler
                0x0000000008001f78                I2C1_EV_IRQHandler
                0x0000000008001f78                DMA1_Stream6_IRQHandler
                0x0000000008001f78                DMA1_Stream1_IRQHandler
                0x0000000008001f78                UART4_IRQHandler
                0x0000000008001f78                TIM3_IRQHandler
                0x0000000008001f78                RCC_IRQHandler
                0x0000000008001f78                TIM8_BRK_TIM12_IRQHandler
                0x0000000008001f78                Default_Handler
                0x0000000008001f78                CEC_IRQHandler
                0x0000000008001f78                EXTI15_10_IRQHandler
                0x0000000008001f78                ADC_IRQHandler
                0x0000000008001f78                DMA1_Stream7_IRQHandler
                0x0000000008001f78                CAN2_TX_IRQHandler
                0x0000000008001f78                TIM5_IRQHandler
                0x0000000008001f78                DMA2_Stream7_IRQHandler
                0x0000000008001f78                I2C3_EV_IRQHandler
                0x0000000008001f78                EXTI9_5_IRQHandler
                0x0000000008001f78                RTC_WKUP_IRQHandler
                0x0000000008001f78                SPDIF_RX_IRQHandler
                0x0000000008001f78                SPI2_IRQHandler
                0x0000000008001f78                OTG_HS_EP1_IN_IRQHandler
                0x0000000008001f78                DMA1_Stream0_IRQHandler
                0x0000000008001f78                CAN1_TX_IRQHandler
                0x0000000008001f78                FMPI2C1_ER_IRQHandler
                0x0000000008001f78                EXTI4_IRQHandler
                0x0000000008001f78                OTG_HS_EP1_OUT_IRQHandler
                0x0000000008001f78                WWDG_IRQHandler
                0x0000000008001f78                TIM2_IRQHandler
                0x0000000008001f78                OTG_FS_WKUP_IRQHandler
                0x0000000008001f78                TIM1_TRG_COM_TIM11_IRQHandler
                0x0000000008001f78                OTG_HS_IRQHandler
                0x0000000008001f78                EXTI1_IRQHandler
                0x0000000008001f78                USART2_IRQHandler
                0x0000000008001f78                I2C2_ER_IRQHandler
                0x0000000008001f78                DMA2_Stream1_IRQHandler
                0x0000000008001f78                CAN1_SCE_IRQHandler
                0x0000000008001f78                FLASH_IRQHandler
                0x0000000008001f78                DMA2_Stream4_IRQHandler
                0x0000000008001f78                USART1_IRQHandler
                0x0000000008001f78                SPI3_IRQHandler
                0x0000000008001f78                DMA1_Stream4_IRQHandler
                0x0000000008001f78                I2C1_ER_IRQHandler
                0x0000000008001f78                FMC_IRQHandler
                0x0000000008001f78                SAI1_IRQHandler
                0x0000000008001f78                DMA1_Stream3_IRQHandler
 *fill*         0x0000000008001f7a        0x2 
 .text.HAL_InitTick
                0x0000000008001f7c       0x4c ./Drivers/STM32F4xx_HAL_Driver/Src/stm32f4xx_hal.o
                0x0000000008001f7c                HAL_InitTick
 .text.HAL_Init
                0x0000000008001fc8       0x34 ./Drivers/STM32F4xx_HAL_Driver/Src/stm32f4xx_hal.o
                0x0000000008001fc8                HAL_Init
 .text.HAL_IncTick
                0x0000000008001ffc       0x18 ./Drivers/STM32F4xx_HAL_Driver/Src/stm32f4xx_hal.o
                0x0000000008001ffc                HAL_IncTick
 .text.HAL_GetTick
                0x0000000008002014        0xc ./Drivers/STM32F4xx_HAL_Driver/Src/stm32f4xx_hal.o
                0x0000000008002014                HAL_GetTick
 .text.HAL_Delay
                0x0000000008002020       0x28 ./Drivers/STM32F4xx_HAL_Driver/Src/stm32f4xx_hal.o
                0x0000000008002020                HAL_Delay
 .text.HAL_CAN_Init
                0x0000000008002048      0x14c ./Drivers/STM32F4xx_HAL_Driver/Src/stm32f4xx_hal_can.o
                0x0000000008002048                HAL_CAN_Init
 .text.HAL_NVIC_SetPriorityGrouping
                0x0000000008002194       0x24 ./Drivers/STM32F4xx_HAL_Driver/Src/stm32f4xx_hal_cortex.o
                0x0000000008002194                HAL_NVIC_SetPriorityGrouping
 .text.HAL_NVIC_SetPriority
                0x00000000080021b8       0x70 ./Drivers/STM32F4xx_HAL_Driver/Src/stm32f4xx_hal_cortex.o
                0x00000000080021b8                HAL_NVIC_SetPriority
 .text.HAL_NVIC_EnableIRQ
                0x0000000008002228       0x1c ./Drivers/STM32F4xx_HAL_Driver/Src/stm32f4xx_hal_cortex.o
                0x0000000008002228                HAL_NVIC_EnableIRQ
 .text.HAL_SYSTICK_Config
                0x0000000008002244       0x28 ./Drivers/STM32F4xx_HAL_Driver/Src/stm32f4xx_hal_cortex.o
                0x0000000008002244                HAL_SYSTICK_Config
 .text.DMA_SetConfig
                0x000000000800226c       0x2c ./Drivers/STM32F4xx_HAL_Driver/Src/stm32f4xx_hal_dma.o
 .text.DMA_CalcBaseAndBitshift
                0x0000000008002298       0x44 ./Drivers/STM32F4xx_HAL_Driver/Src/stm32f4xx_hal_dma.o
 .text.DMA_CheckFifoParam
                0x00000000080022dc       0x8e ./Drivers/STM32F4xx_HAL_Driver/Src/stm32f4xx_hal_dma.o
 *fill*         0x000000000800236a        0x2 
 .text.HAL_DMA_Init
                0x000000000800236c       0xcc ./Drivers/STM32F4xx_HAL_Driver/Src/stm32f4xx_hal_dma.o
                0x000000000800236c                HAL_DMA_Init
 .text.HAL_DMA_Start_IT
                0x0000000008002438       0x6a ./Drivers/STM32F4xx_HAL_Driver/Src/stm32f4xx_hal_dma.o
                0x0000000008002438                HAL_DMA_Start_IT
 .text.HAL_DMA_Abort_IT
                0x00000000080024a2       0x26 ./Drivers/STM32F4xx_HAL_Driver/Src/stm32f4xx_hal_dma.o
                0x00000000080024a2                HAL_DMA_Abort_IT
 .text.HAL_DMA_IRQHandler
                0x00000000080024c8      0x1dc ./Drivers/STM32F4xx_HAL_Driver/Src/stm32f4xx_hal_dma.o
                0x00000000080024c8                HAL_DMA_IRQHandler
 .text.HAL_DMA_GetState
                0x00000000080026a4        0x6 ./Drivers/STM32F4xx_HAL_Driver/Src/stm32f4xx_hal_dma.o
                0x00000000080026a4                HAL_DMA_GetState
 .text.HAL_DMA_GetError
                0x00000000080026aa        0x4 ./Drivers/STM32F4xx_HAL_Driver/Src/stm32f4xx_hal_dma.o
                0x00000000080026aa                HAL_DMA_GetError
 *fill*         0x00000000080026ae        0x2 
 .text.HAL_GPIO_Init
                0x00000000080026b0      0x1e0 ./Drivers/STM32F4xx_HAL_Driver/Src/stm32f4xx_hal_gpio.o
                0x00000000080026b0                HAL_GPIO_Init
 .text.HAL_GPIO_ReadPin
                0x0000000008002890        0xe ./Drivers/STM32F4xx_HAL_Driver/Src/stm32f4xx_hal_gpio.o
                0x0000000008002890                HAL_GPIO_ReadPin
 .text.HAL_GPIO_WritePin
                0x000000000800289e        0xc ./Drivers/STM32F4xx_HAL_Driver/Src/stm32f4xx_hal_gpio.o
                0x000000000800289e                HAL_GPIO_WritePin
 .text.HAL_GPIO_TogglePin
                0x00000000080028aa       0x12 ./Drivers/STM32F4xx_HAL_Driver/Src/stm32f4xx_hal_gpio.o
                0x00000000080028aa                HAL_GPIO_TogglePin
 .text.PCD_WriteEmptyTxFifo
                0x00000000080028bc       0xd0 ./Drivers/STM32F4xx_HAL_Driver/Src/stm32f4xx_hal_pcd.o
 .text.HAL_PCD_Init
                0x000000000800298c      0x13c ./Drivers/STM32F4xx_HAL_Driver/Src/stm32f4xx_hal_pcd.o
                0x000000000800298c                HAL_PCD_Init
 .text.HAL_PCD_Start
                0x0000000008002ac8       0x42 ./Drivers/STM32F4xx_HAL_Driver/Src/stm32f4xx_hal_pcd.o
                0x0000000008002ac8                HAL_PCD_Start
 *fill*         0x0000000008002b0a        0x2 
 .text.PCD_EP_OutXfrComplete_int
                0x0000000008002b0c      0x104 ./Drivers/STM32F4xx_HAL_Driver/Src/stm32f4xx_hal_pcd.o
 .text.PCD_EP_OutSetupPacket_int
                0x0000000008002c10       0x50 ./Drivers/STM32F4xx_HAL_Driver/Src/stm32f4xx_hal_pcd.o
 .text.HAL_PCD_SetAddress
                0x0000000008002c60       0x28 ./Drivers/STM32F4xx_HAL_Driver/Src/stm32f4xx_hal_pcd.o
                0x0000000008002c60                HAL_PCD_SetAddress
 .text.HAL_PCD_EP_Open
                0x0000000008002c88       0x8a ./Drivers/STM32F4xx_HAL_Driver/Src/stm32f4xx_hal_pcd.o
                0x0000000008002c88                HAL_PCD_EP_Open
 .text.HAL_PCD_EP_Close
                0x0000000008002d12       0x72 ./Drivers/STM32F4xx_HAL_Driver/Src/stm32f4xx_hal_pcd.o
                0x0000000008002d12                HAL_PCD_EP_Close
 .text.HAL_PCD_EP_Receive
                0x0000000008002d84       0x5e ./Drivers/STM32F4xx_HAL_Driver/Src/stm32f4xx_hal_pcd.o
                0x0000000008002d84                HAL_PCD_EP_Receive
 .text.HAL_PCD_EP_GetRxCount
                0x0000000008002de2       0x12 ./Drivers/STM32F4xx_HAL_Driver/Src/stm32f4xx_hal_pcd.o
                0x0000000008002de2                HAL_PCD_EP_GetRxCount
 .text.HAL_PCD_EP_Transmit
                0x0000000008002df4       0x5e ./Drivers/STM32F4xx_HAL_Driver/Src/stm32f4xx_hal_pcd.o
                0x0000000008002df4                HAL_PCD_EP_Transmit
 .text.HAL_PCD_EP_SetStall
                0x0000000008002e52       0x88 ./Drivers/STM32F4xx_HAL_Driver/Src/stm32f4xx_hal_pcd.o
                0x0000000008002e52                HAL_PCD_EP_SetStall
 .text.HAL_PCD_EP_ClrStall
                0x0000000008002eda       0x76 ./Drivers/STM32F4xx_HAL_Driver/Src/stm32f4xx_hal_pcd.o
                0x0000000008002eda                HAL_PCD_EP_ClrStall
 .text.HAL_PCD_EP_Abort
                0x0000000008002f50       0x34 ./Drivers/STM32F4xx_HAL_Driver/Src/stm32f4xx_hal_pcd.o
                0x0000000008002f50                HAL_PCD_EP_Abort
 .text.HAL_PCD_IRQHandler
                0x0000000008002f84      0x608 ./Drivers/STM32F4xx_HAL_Driver/Src/stm32f4xx_hal_pcd.o
                0x0000000008002f84                HAL_PCD_IRQHandler
 .text.HAL_PCDEx_SetTxFiFo
                0x000000000800358c       0x4c ./Drivers/STM32F4xx_HAL_Driver/Src/stm32f4xx_hal_pcd_ex.o
                0x000000000800358c                HAL_PCDEx_SetTxFiFo
 .text.HAL_PCDEx_SetRxFiFo
                0x00000000080035d8        0x8 ./Drivers/STM32F4xx_HAL_Driver/Src/stm32f4xx_hal_pcd_ex.o
                0x00000000080035d8                HAL_PCDEx_SetRxFiFo
 .text.HAL_PCDEx_ActivateLPM
                0x00000000080035e0       0x26 ./Drivers/STM32F4xx_HAL_Driver/Src/stm32f4xx_hal_pcd_ex.o
                0x00000000080035e0                HAL_PCDEx_ActivateLPM
 *fill*         0x0000000008003606        0x2 
 .text.HAL_RCC_ClockConfig
                0x0000000008003608      0x160 ./Drivers/STM32F4xx_HAL_Driver/Src/stm32f4xx_hal_rcc.o
                0x0000000008003608                HAL_RCC_ClockConfig
 .text.HAL_RCC_GetHCLKFreq
                0x0000000008003768        0xc ./Drivers/STM32F4xx_HAL_Driver/Src/stm32f4xx_hal_rcc.o
                0x0000000008003768                HAL_RCC_GetHCLKFreq
 .text.HAL_RCCEx_PeriphCLKConfig
                0x0000000008003774      0x474 ./Drivers/STM32F4xx_HAL_Driver/Src/stm32f4xx_hal_rcc_ex.o
                0x0000000008003774                HAL_RCCEx_PeriphCLKConfig
 .text.HAL_RCC_GetSysClockFreq
                0x0000000008003be8      0x190 ./Drivers/STM32F4xx_HAL_Driver/Src/stm32f4xx_hal_rcc_ex.o
                0x0000000008003be8                HAL_RCC_GetSysClockFreq
 .text.HAL_RCC_OscConfig
                0x0000000008003d78      0x444 ./Drivers/STM32F4xx_HAL_Driver/Src/stm32f4xx_hal_rcc_ex.o
                0x0000000008003d78                HAL_RCC_OscConfig
 .text.SD_DMATransmitCplt
                0x00000000080041bc        0xe ./Drivers/STM32F4xx_HAL_Driver/Src/stm32f4xx_hal_sd.o
 *fill*         0x00000000080041ca        0x2 
 .text.SD_PowerON
                0x00000000080041cc       0xc0 ./Drivers/STM32F4xx_HAL_Driver/Src/stm32f4xx_hal_sd.o
 .text.SD_Read_IT
                0x000000000800428c       0x38 ./Drivers/STM32F4xx_HAL_Driver/Src/stm32f4xx_hal_sd.o
 .text.SD_Write_IT
                0x00000000080042c4       0x48 ./Drivers/STM32F4xx_HAL_Driver/Src/stm32f4xx_hal_sd.o
 .text.SD_FindSCR
                0x000000000800430c      0x100 ./Drivers/STM32F4xx_HAL_Driver/Src/stm32f4xx_hal_sd.o
 .text.SD_WideBus_Enable
                0x000000000800440c       0x4e ./Drivers/STM32F4xx_HAL_Driver/Src/stm32f4xx_hal_sd.o
 .text.SD_WideBus_Disable
                0x000000000800445a       0x4e ./Drivers/STM32F4xx_HAL_Driver/Src/stm32f4xx_hal_sd.o
 .text.SD_SendStatus
                0x00000000080044a8       0x2c ./Drivers/STM32F4xx_HAL_Driver/Src/stm32f4xx_hal_sd.o
 .text.HAL_SD_ReadBlocks_DMA
                0x00000000080044d4      0x134 ./Drivers/STM32F4xx_HAL_Driver/Src/stm32f4xx_hal_sd.o
                0x00000000080044d4                HAL_SD_ReadBlocks_DMA
 .text.HAL_SD_WriteBlocks_DMA
                0x0000000008004608      0x130 ./Drivers/STM32F4xx_HAL_Driver/Src/stm32f4xx_hal_sd.o
                0x0000000008004608                HAL_SD_WriteBlocks_DMA
 .text.HAL_SD_ErrorCallback
                0x0000000008004738        0x2 ./Drivers/STM32F4xx_HAL_Driver/Src/stm32f4xx_hal_sd.o
                0x0000000008004738                HAL_SD_ErrorCallback
 .text.SD_DMAReceiveCplt
                0x000000000800473a       0x48 ./Drivers/STM32F4xx_HAL_Driver/Src/stm32f4xx_hal_sd.o
 *fill*         0x0000000008004782        0x2 
 .text.HAL_SD_GetCardCSD
                0x0000000008004784      0x1b8 ./Drivers/STM32F4xx_HAL_Driver/Src/stm32f4xx_hal_sd.o
                0x0000000008004784                HAL_SD_GetCardCSD
 .text.SD_InitCard
                0x000000000800493c      0x100 ./Drivers/STM32F4xx_HAL_Driver/Src/stm32f4xx_hal_sd.o
 .text.HAL_SD_InitCard
                0x0000000008004a3c       0xa8 ./Drivers/STM32F4xx_HAL_Driver/Src/stm32f4xx_hal_sd.o
                0x0000000008004a3c                HAL_SD_InitCard
 .text.HAL_SD_Init
                0x0000000008004ae4       0x36 ./Drivers/STM32F4xx_HAL_Driver/Src/stm32f4xx_hal_sd.o
                0x0000000008004ae4                HAL_SD_Init
 .text.HAL_SD_GetCardInfo
                0x0000000008004b1a       0x24 ./Drivers/STM32F4xx_HAL_Driver/Src/stm32f4xx_hal_sd.o
                0x0000000008004b1a                HAL_SD_GetCardInfo
 *fill*         0x0000000008004b3e        0x2 
 .text.HAL_SD_ConfigWideBusOperation
                0x0000000008004b40       0xc0 ./Drivers/STM32F4xx_HAL_Driver/Src/stm32f4xx_hal_sd.o
                0x0000000008004b40                HAL_SD_ConfigWideBusOperation
 .text.HAL_SD_GetCardState
                0x0000000008004c00       0x22 ./Drivers/STM32F4xx_HAL_Driver/Src/stm32f4xx_hal_sd.o
                0x0000000008004c00                HAL_SD_GetCardState
 *fill*         0x0000000008004c22        0x2 
 .text.SD_DMAError
                0x0000000008004c24       0x68 ./Drivers/STM32F4xx_HAL_Driver/Src/stm32f4xx_hal_sd.o
 .text.SD_DMATxAbort
                0x0000000008004c8c       0x44 ./Drivers/STM32F4xx_HAL_Driver/Src/stm32f4xx_hal_sd.o
 .text.SD_DMARxAbort
                0x0000000008004cd0       0x44 ./Drivers/STM32F4xx_HAL_Driver/Src/stm32f4xx_hal_sd.o
 .text.HAL_SD_IRQHandler
                0x0000000008004d14      0x1c8 ./Drivers/STM32F4xx_HAL_Driver/Src/stm32f4xx_hal_sd.o
                0x0000000008004d14                HAL_SD_IRQHandler
 .text.HAL_SPI_Init
                0x0000000008004edc       0xbe ./Drivers/STM32F4xx_HAL_Driver/Src/stm32f4xx_hal_spi.o
                0x0000000008004edc                HAL_SPI_Init
 .text.TIM_TI1_ConfigInputStage
                0x0000000008004f9a       0x26 ./Drivers/STM32F4xx_HAL_Driver/Src/stm32f4xx_hal_tim.o
 .text.TIM_TI2_ConfigInputStage
                0x0000000008004fc0       0x28 ./Drivers/STM32F4xx_HAL_Driver/Src/stm32f4xx_hal_tim.o
 .text.TIM_ITRx_SetConfig
                0x0000000008004fe8       0x10 ./Drivers/STM32F4xx_HAL_Driver/Src/stm32f4xx_hal_tim.o
 .text.HAL_TIM_Base_Start
                0x0000000008004ff8       0x7c ./Drivers/STM32F4xx_HAL_Driver/Src/stm32f4xx_hal_tim.o
                0x0000000008004ff8                HAL_TIM_Base_Start
 .text.HAL_TIM_Base_Start_IT
                0x0000000008005074       0x88 ./Drivers/STM32F4xx_HAL_Driver/Src/stm32f4xx_hal_tim.o
                0x0000000008005074                HAL_TIM_Base_Start_IT
 .text.HAL_TIM_OC_DelayElapsedCallback
                0x00000000080050fc        0x2 ./Drivers/STM32F4xx_HAL_Driver/Src/stm32f4xx_hal_tim.o
                0x00000000080050fc                HAL_TIM_OC_DelayElapsedCallback
 .text.HAL_TIM_IC_CaptureCallback
                0x00000000080050fe        0x2 ./Drivers/STM32F4xx_HAL_Driver/Src/stm32f4xx_hal_tim.o
                0x00000000080050fe                HAL_TIM_IC_CaptureCallback
 .text.HAL_TIM_PWM_PulseFinishedCallback
                0x0000000008005100        0x2 ./Drivers/STM32F4xx_HAL_Driver/Src/stm32f4xx_hal_tim.o
                0x0000000008005100                HAL_TIM_PWM_PulseFinishedCallback
 .text.HAL_TIM_TriggerCallback
                0x0000000008005102        0x2 ./Drivers/STM32F4xx_HAL_Driver/Src/stm32f4xx_hal_tim.o
                0x0000000008005102                HAL_TIM_TriggerCallback
 .text.HAL_TIM_IRQHandler
                0x0000000008005104      0x17a ./Drivers/STM32F4xx_HAL_Driver/Src/stm32f4xx_hal_tim.o
                0x0000000008005104                HAL_TIM_IRQHandler
 *fill*         0x000000000800527e        0x2 
 .text.TIM_Base_SetConfig
                0x0000000008005280       0xc8 ./Drivers/STM32F4xx_HAL_Driver/Src/stm32f4xx_hal_tim.o
                0x0000000008005280                TIM_Base_SetConfig
 .text.HAL_TIM_Base_Init
                0x0000000008005348       0x58 ./Drivers/STM32F4xx_HAL_Driver/Src/stm32f4xx_hal_tim.o
                0x0000000008005348                HAL_TIM_Base_Init
 .text.TIM_ETR_SetConfig
                0x00000000080053a0       0x1a ./Drivers/STM32F4xx_HAL_Driver/Src/stm32f4xx_hal_tim.o
                0x00000000080053a0                TIM_ETR_SetConfig
 .text.HAL_TIM_ConfigClockSource
                0x00000000080053ba       0xfe ./Drivers/STM32F4xx_HAL_Driver/Src/stm32f4xx_hal_tim.o
                0x00000000080053ba                HAL_TIM_ConfigClockSource
 .text.HAL_TIMEx_MasterConfigSynchronization
                0x00000000080054b8       0x8c ./Drivers/STM32F4xx_HAL_Driver/Src/stm32f4xx_hal_tim_ex.o
                0x00000000080054b8                HAL_TIMEx_MasterConfigSynchronization
 .text.HAL_TIMEx_CommutCallback
                0x0000000008005544        0x2 ./Drivers/STM32F4xx_HAL_Driver/Src/stm32f4xx_hal_tim_ex.o
                0x0000000008005544                HAL_TIMEx_CommutCallback
 .text.HAL_TIMEx_BreakCallback
                0x0000000008005546        0x2 ./Drivers/STM32F4xx_HAL_Driver/Src/stm32f4xx_hal_tim_ex.o
                0x0000000008005546                HAL_TIMEx_BreakCallback
 .text.SDMMC_GetCmdError
                0x0000000008005548       0x38 ./Drivers/STM32F4xx_HAL_Driver/Src/stm32f4xx_ll_sdmmc.o
 .text.SDIO_Init
                0x0000000008005580       0x32 ./Drivers/STM32F4xx_HAL_Driver/Src/stm32f4xx_ll_sdmmc.o
                0x0000000008005580                SDIO_Init
 .text.SDIO_ReadFIFO
                0x00000000080055b2        0x6 ./Drivers/STM32F4xx_HAL_Driver/Src/stm32f4xx_ll_sdmmc.o
                0x00000000080055b2                SDIO_ReadFIFO
 .text.SDIO_WriteFIFO
                0x00000000080055b8        0xa ./Drivers/STM32F4xx_HAL_Driver/Src/stm32f4xx_ll_sdmmc.o
                0x00000000080055b8                SDIO_WriteFIFO
 .text.SDIO_PowerState_ON
                0x00000000080055c2        0x8 ./Drivers/STM32F4xx_HAL_Driver/Src/stm32f4xx_ll_sdmmc.o
                0x00000000080055c2                SDIO_PowerState_ON
 .text.SDIO_GetPowerState
                0x00000000080055ca        0x8 ./Drivers/STM32F4xx_HAL_Driver/Src/stm32f4xx_ll_sdmmc.o
                0x00000000080055ca                SDIO_GetPowerState
 .text.SDIO_SendCommand
                0x00000000080055d2       0x24 ./Drivers/STM32F4xx_HAL_Driver/Src/stm32f4xx_ll_sdmmc.o
                0x00000000080055d2                SDIO_SendCommand
 .text.SDIO_GetCommandResponse
                0x00000000080055f6        0x6 ./Drivers/STM32F4xx_HAL_Driver/Src/stm32f4xx_ll_sdmmc.o
                0x00000000080055f6                SDIO_GetCommandResponse
 .text.SDIO_GetResponse
                0x00000000080055fc        0x6 ./Drivers/STM32F4xx_HAL_Driver/Src/stm32f4xx_ll_sdmmc.o
                0x00000000080055fc                SDIO_GetResponse
 .text.SDIO_ConfigData
                0x0000000008005602       0x24 ./Drivers/STM32F4xx_HAL_Driver/Src/stm32f4xx_ll_sdmmc.o
                0x0000000008005602                SDIO_ConfigData
 .text.SDMMC_CmdGoIdleState
                0x0000000008005626       0x26 ./Drivers/STM32F4xx_HAL_Driver/Src/stm32f4xx_ll_sdmmc.o
                0x0000000008005626                SDMMC_CmdGoIdleState
 .text.SDMMC_GetCmdResp1
                0x000000000800564c      0x154 ./Drivers/STM32F4xx_HAL_Driver/Src/stm32f4xx_ll_sdmmc.o
                0x000000000800564c                SDMMC_GetCmdResp1
 .text.SDMMC_CmdBlockLength
                0x00000000080057a0       0x30 ./Drivers/STM32F4xx_HAL_Driver/Src/stm32f4xx_ll_sdmmc.o
                0x00000000080057a0                SDMMC_CmdBlockLength
 .text.SDMMC_CmdReadSingleBlock
                0x00000000080057d0       0x30 ./Drivers/STM32F4xx_HAL_Driver/Src/stm32f4xx_ll_sdmmc.o
                0x00000000080057d0                SDMMC_CmdReadSingleBlock
 .text.SDMMC_CmdReadMultiBlock
                0x0000000008005800       0x30 ./Drivers/STM32F4xx_HAL_Driver/Src/stm32f4xx_ll_sdmmc.o
                0x0000000008005800                SDMMC_CmdReadMultiBlock
 .text.SDMMC_CmdWriteSingleBlock
                0x0000000008005830       0x30 ./Drivers/STM32F4xx_HAL_Driver/Src/stm32f4xx_ll_sdmmc.o
                0x0000000008005830                SDMMC_CmdWriteSingleBlock
 .text.SDMMC_CmdWriteMultiBlock
                0x0000000008005860       0x30 ./Drivers/STM32F4xx_HAL_Driver/Src/stm32f4xx_ll_sdmmc.o
                0x0000000008005860                SDMMC_CmdWriteMultiBlock
 .text.SDMMC_CmdStopTransfer
                0x0000000008005890       0x34 ./Drivers/STM32F4xx_HAL_Driver/Src/stm32f4xx_ll_sdmmc.o
                0x0000000008005890                SDMMC_CmdStopTransfer
 .text.SDMMC_CmdSelDesel
                0x00000000080058c4       0x30 ./Drivers/STM32F4xx_HAL_Driver/Src/stm32f4xx_ll_sdmmc.o
                0x00000000080058c4                SDMMC_CmdSelDesel
 .text.SDMMC_CmdAppCommand
                0x00000000080058f4       0x30 ./Drivers/STM32F4xx_HAL_Driver/Src/stm32f4xx_ll_sdmmc.o
                0x00000000080058f4                SDMMC_CmdAppCommand
 .text.SDMMC_CmdBusWidth
                0x0000000008005924       0x30 ./Drivers/STM32F4xx_HAL_Driver/Src/stm32f4xx_ll_sdmmc.o
                0x0000000008005924                SDMMC_CmdBusWidth
 .text.SDMMC_CmdSendSCR
                0x0000000008005954       0x30 ./Drivers/STM32F4xx_HAL_Driver/Src/stm32f4xx_ll_sdmmc.o
                0x0000000008005954                SDMMC_CmdSendSCR
 .text.SDMMC_CmdSendStatus
                0x0000000008005984       0x30 ./Drivers/STM32F4xx_HAL_Driver/Src/stm32f4xx_ll_sdmmc.o
                0x0000000008005984                SDMMC_CmdSendStatus
 .text.SDMMC_GetCmdResp2
                0x00000000080059b4       0x5c ./Drivers/STM32F4xx_HAL_Driver/Src/stm32f4xx_ll_sdmmc.o
                0x00000000080059b4                SDMMC_GetCmdResp2
 .text.SDMMC_CmdSendCID
                0x0000000008005a10       0x2a ./Drivers/STM32F4xx_HAL_Driver/Src/stm32f4xx_ll_sdmmc.o
                0x0000000008005a10                SDMMC_CmdSendCID
 .text.SDMMC_CmdSendCSD
                0x0000000008005a3a       0x2a ./Drivers/STM32F4xx_HAL_Driver/Src/stm32f4xx_ll_sdmmc.o
                0x0000000008005a3a                SDMMC_CmdSendCSD
 .text.SDMMC_GetCmdResp3
                0x0000000008005a64       0x4c ./Drivers/STM32F4xx_HAL_Driver/Src/stm32f4xx_ll_sdmmc.o
                0x0000000008005a64                SDMMC_GetCmdResp3
 .text.SDMMC_CmdAppOperCommand
                0x0000000008005ab0       0x32 ./Drivers/STM32F4xx_HAL_Driver/Src/stm32f4xx_ll_sdmmc.o
                0x0000000008005ab0                SDMMC_CmdAppOperCommand
 *fill*         0x0000000008005ae2        0x2 
 .text.SDMMC_GetCmdResp6
                0x0000000008005ae4       0xa0 ./Drivers/STM32F4xx_HAL_Driver/Src/stm32f4xx_ll_sdmmc.o
                0x0000000008005ae4                SDMMC_GetCmdResp6
 .text.SDMMC_CmdSetRelAdd
                0x0000000008005b84       0x30 ./Drivers/STM32F4xx_HAL_Driver/Src/stm32f4xx_ll_sdmmc.o
                0x0000000008005b84                SDMMC_CmdSetRelAdd
 .text.SDMMC_GetCmdResp7
                0x0000000008005bb4       0x64 ./Drivers/STM32F4xx_HAL_Driver/Src/stm32f4xx_ll_sdmmc.o
                0x0000000008005bb4                SDMMC_GetCmdResp7
 .text.SDMMC_CmdOperCond
                0x0000000008005c18       0x2e ./Drivers/STM32F4xx_HAL_Driver/Src/stm32f4xx_ll_sdmmc.o
                0x0000000008005c18                SDMMC_CmdOperCond
 *fill*         0x0000000008005c46        0x2 
 .text.USB_CoreReset
                0x0000000008005c48       0x50 ./Drivers/STM32F4xx_HAL_Driver/Src/stm32f4xx_ll_usb.o
 .text.USB_CoreInit
                0x0000000008005c98       0x8a ./Drivers/STM32F4xx_HAL_Driver/Src/stm32f4xx_ll_usb.o
                0x0000000008005c98                USB_CoreInit
 *fill*         0x0000000008005d22        0x2 
 .text.USB_SetTurnaroundTime
                0x0000000008005d24       0xe4 ./Drivers/STM32F4xx_HAL_Driver/Src/stm32f4xx_ll_usb.o
                0x0000000008005d24                USB_SetTurnaroundTime
 .text.USB_EnableGlobalInt
                0x0000000008005e08        0xc ./Drivers/STM32F4xx_HAL_Driver/Src/stm32f4xx_ll_usb.o
                0x0000000008005e08                USB_EnableGlobalInt
 .text.USB_DisableGlobalInt
                0x0000000008005e14        0xc ./Drivers/STM32F4xx_HAL_Driver/Src/stm32f4xx_ll_usb.o
                0x0000000008005e14                USB_DisableGlobalInt
 .text.USB_FlushTxFifo
                0x0000000008005e20       0x50 ./Drivers/STM32F4xx_HAL_Driver/Src/stm32f4xx_ll_usb.o
                0x0000000008005e20                USB_FlushTxFifo
 .text.USB_FlushRxFifo
                0x0000000008005e70       0x4c ./Drivers/STM32F4xx_HAL_Driver/Src/stm32f4xx_ll_usb.o
                0x0000000008005e70                USB_FlushRxFifo
 .text.USB_SetDevSpeed
                0x0000000008005ebc        0xe ./Drivers/STM32F4xx_HAL_Driver/Src/stm32f4xx_ll_usb.o
                0x0000000008005ebc                USB_SetDevSpeed
 *fill*         0x0000000008005eca        0x2 
 .text.USB_DevInit
                0x0000000008005ecc      0x188 ./Drivers/STM32F4xx_HAL_Driver/Src/stm32f4xx_ll_usb.o
                0x0000000008005ecc                USB_DevInit
 .text.USB_GetDevSpeed
                0x0000000008006054       0x22 ./Drivers/STM32F4xx_HAL_Driver/Src/stm32f4xx_ll_usb.o
                0x0000000008006054                USB_GetDevSpeed
 .text.USB_ActivateEndpoint
                0x0000000008006076       0x9a ./Drivers/STM32F4xx_HAL_Driver/Src/stm32f4xx_ll_usb.o
                0x0000000008006076                USB_ActivateEndpoint
 .text.USB_DeactivateEndpoint
                0x0000000008006110       0xe0 ./Drivers/STM32F4xx_HAL_Driver/Src/stm32f4xx_ll_usb.o
                0x0000000008006110                USB_DeactivateEndpoint
 .text.USB_EP0StartXfer
                0x00000000080061f0      0x124 ./Drivers/STM32F4xx_HAL_Driver/Src/stm32f4xx_ll_usb.o
                0x00000000080061f0                USB_EP0StartXfer
 .text.USB_EPStopXfer
                0x0000000008006314       0xbe ./Drivers/STM32F4xx_HAL_Driver/Src/stm32f4xx_ll_usb.o
                0x0000000008006314                USB_EPStopXfer
 .text.USB_WritePacket
                0x00000000080063d2       0x2e ./Drivers/STM32F4xx_HAL_Driver/Src/stm32f4xx_ll_usb.o
                0x00000000080063d2                USB_WritePacket
 .text.USB_EPStartXfer
                0x0000000008006400      0x234 ./Drivers/STM32F4xx_HAL_Driver/Src/stm32f4xx_ll_usb.o
                0x0000000008006400                USB_EPStartXfer
 .text.USB_ReadPacket
                0x0000000008006634       0x46 ./Drivers/STM32F4xx_HAL_Driver/Src/stm32f4xx_ll_usb.o
                0x0000000008006634                USB_ReadPacket
 .text.USB_EPSetStall
                0x000000000800667a       0x5a ./Drivers/STM32F4xx_HAL_Driver/Src/stm32f4xx_ll_usb.o
                0x000000000800667a                USB_EPSetStall
 .text.USB_EPClearStall
                0x00000000080066d4       0x5c ./Drivers/STM32F4xx_HAL_Driver/Src/stm32f4xx_ll_usb.o
                0x00000000080066d4                USB_EPClearStall
 .text.USB_SetDevAddress
                0x0000000008006730       0x20 ./Drivers/STM32F4xx_HAL_Driver/Src/stm32f4xx_ll_usb.o
                0x0000000008006730                USB_SetDevAddress
 .text.USB_DevConnect
                0x0000000008006750       0x1c ./Drivers/STM32F4xx_HAL_Driver/Src/stm32f4xx_ll_usb.o
                0x0000000008006750                USB_DevConnect
 .text.USB_DevDisconnect
                0x000000000800676c       0x1c ./Drivers/STM32F4xx_HAL_Driver/Src/stm32f4xx_ll_usb.o
                0x000000000800676c                USB_DevDisconnect
 .text.USB_ReadInterrupts
                0x0000000008006788        0x8 ./Drivers/STM32F4xx_HAL_Driver/Src/stm32f4xx_ll_usb.o
                0x0000000008006788                USB_ReadInterrupts
 .text.USB_ReadDevAllOutEpInterrupt
                0x0000000008006790       0x10 ./Drivers/STM32F4xx_HAL_Driver/Src/stm32f4xx_ll_usb.o
                0x0000000008006790                USB_ReadDevAllOutEpInterrupt
 .text.USB_ReadDevAllInEpInterrupt
                0x00000000080067a0       0x10 ./Drivers/STM32F4xx_HAL_Driver/Src/stm32f4xx_ll_usb.o
                0x00000000080067a0                USB_ReadDevAllInEpInterrupt
 .text.USB_ReadDevOutEPInterrupt
                0x00000000080067b0       0x12 ./Drivers/STM32F4xx_HAL_Driver/Src/stm32f4xx_ll_usb.o
                0x00000000080067b0                USB_ReadDevOutEPInterrupt
 .text.USB_ReadDevInEPInterrupt
                0x00000000080067c2       0x24 ./Drivers/STM32F4xx_HAL_Driver/Src/stm32f4xx_ll_usb.o
                0x00000000080067c2                USB_ReadDevInEPInterrupt
 .text.USB_GetMode
                0x00000000080067e6        0x8 ./Drivers/STM32F4xx_HAL_Driver/Src/stm32f4xx_ll_usb.o
                0x00000000080067e6                USB_GetMode
 .text.USB_SetCurrentMode
                0x00000000080067ee       0x62 ./Drivers/STM32F4xx_HAL_Driver/Src/stm32f4xx_ll_usb.o
                0x00000000080067ee                USB_SetCurrentMode
 .text.USB_ActivateSetup
                0x0000000008006850       0x20 ./Drivers/STM32F4xx_HAL_Driver/Src/stm32f4xx_ll_usb.o
                0x0000000008006850                USB_ActivateSetup
 .text.USB_EP0_OutStart
                0x0000000008006870       0x60 ./Drivers/STM32F4xx_HAL_Driver/Src/stm32f4xx_ll_usb.o
                0x0000000008006870                USB_EP0_OutStart
 .text.MX_FATFS_Init
                0x00000000080068d0       0x1c ./FATFS/App/fatfs.o
                0x00000000080068d0                MX_FATFS_Init
 .text.get_fattime
                0x00000000080068ec        0x4 ./FATFS/App/fatfs.o
                0x00000000080068ec                get_fattime
 .text.BSP_SD_ReadBlocks_DMA
                0x00000000080068f0       0x18 ./FATFS/Target/bsp_driver_sd.o
                0x00000000080068f0                BSP_SD_ReadBlocks_DMA
 .text.BSP_SD_WriteBlocks_DMA
                0x0000000008006908       0x18 ./FATFS/Target/bsp_driver_sd.o
                0x0000000008006908                BSP_SD_WriteBlocks_DMA
 .text.BSP_SD_GetCardState
                0x0000000008006920       0x14 ./FATFS/Target/bsp_driver_sd.o
                0x0000000008006920                BSP_SD_GetCardState
 .text.BSP_SD_GetCardInfo
                0x0000000008006934       0x10 ./FATFS/Target/bsp_driver_sd.o
                0x0000000008006934                BSP_SD_GetCardInfo
 .text.BSP_SD_AbortCallback
                0x0000000008006944        0x2 ./FATFS/Target/bsp_driver_sd.o
                0x0000000008006944                BSP_SD_AbortCallback
 .text.HAL_SD_AbortCallback
                0x0000000008006946        0x8 ./FATFS/Target/bsp_driver_sd.o
                0x0000000008006946                HAL_SD_AbortCallback
 .text.HAL_SD_TxCpltCallback
                0x000000000800694e        0x8 ./FATFS/Target/bsp_driver_sd.o
                0x000000000800694e                HAL_SD_TxCpltCallback
 .text.HAL_SD_RxCpltCallback
                0x0000000008006956        0x8 ./FATFS/Target/bsp_driver_sd.o
                0x0000000008006956                HAL_SD_RxCpltCallback
 .text.BSP_SD_IsDetected
                0x000000000800695e       0x20 ./FATFS/Target/bsp_driver_sd.o
                0x000000000800695e                BSP_SD_IsDetected
 *fill*         0x000000000800697e        0x2 
 .text.BSP_SD_Init
                0x0000000008006980       0x34 ./FATFS/Target/bsp_driver_sd.o
                0x0000000008006980                BSP_SD_Init
 .text.BSP_PlatformIsDetected
                0x00000000080069b4       0x18 ./FATFS/Target/fatfs_platform.o
                0x00000000080069b4                BSP_PlatformIsDetected
 .text.SD_CheckStatus
                0x00000000080069cc       0x24 ./FATFS/Target/sd_diskio.o
 .text.SD_initialize
                0x00000000080069f0       0x20 ./FATFS/Target/sd_diskio.o
                0x00000000080069f0                SD_initialize
 .text.SD_status
                0x0000000008006a10        0x8 ./FATFS/Target/sd_diskio.o
                0x0000000008006a10                SD_status
 .text.SD_CheckStatusWithTimeout
                0x0000000008006a18       0x26 ./FATFS/Target/sd_diskio.o
 *fill*         0x0000000008006a3e        0x2 
 .text.SD_read  0x0000000008006a40       0x80 ./FATFS/Target/sd_diskio.o
                0x0000000008006a40                SD_read
 .text.SD_write
                0x0000000008006ac0       0xac ./FATFS/Target/sd_diskio.o
                0x0000000008006ac0                SD_write
 .text.SD_ioctl
                0x0000000008006b6c       0x58 ./FATFS/Target/sd_diskio.o
                0x0000000008006b6c                SD_ioctl
 .text.BSP_SD_WriteCpltCallback
                0x0000000008006bc4        0xc ./FATFS/Target/sd_diskio.o
                0x0000000008006bc4                BSP_SD_WriteCpltCallback
 .text.BSP_SD_ReadCpltCallback
                0x0000000008006bd0        0xc ./FATFS/Target/sd_diskio.o
                0x0000000008006bd0                BSP_SD_ReadCpltCallback
 .text.USBD_CDC_EP0_RxReady
                0x0000000008006bdc       0x40 ./Middlewares/ST/STM32_USB_Device_Library/Class/CDC/Src/usbd_cdc.o
 .text.USBD_CDC_GetDeviceQualifierDescriptor
                0x0000000008006c1c        0xc ./Middlewares/ST/STM32_USB_Device_Library/Class/CDC/Src/usbd_cdc.o
                0x0000000008006c1c                USBD_CDC_GetDeviceQualifierDescriptor
 .text.USBD_CDC_GetOtherSpeedCfgDesc
                0x0000000008006c28       0x48 ./Middlewares/ST/STM32_USB_Device_Library/Class/CDC/Src/usbd_cdc.o
 .text.USBD_CDC_GetFSCfgDesc
                0x0000000008006c70       0x48 ./Middlewares/ST/STM32_USB_Device_Library/Class/CDC/Src/usbd_cdc.o
 .text.USBD_CDC_GetHSCfgDesc
                0x0000000008006cb8       0x48 ./Middlewares/ST/STM32_USB_Device_Library/Class/CDC/Src/usbd_cdc.o
 .text.USBD_CDC_DataOut
                0x0000000008006d00       0x38 ./Middlewares/ST/STM32_USB_Device_Library/Class/CDC/Src/usbd_cdc.o
 .text.USBD_CDC_DataIn
                0x0000000008006d38       0x7c ./Middlewares/ST/STM32_USB_Device_Library/Class/CDC/Src/usbd_cdc.o
 .text.USBD_CDC_Setup
                0x0000000008006db4      0x11a ./Middlewares/ST/STM32_USB_Device_Library/Class/CDC/Src/usbd_cdc.o
 .text.USBD_CDC_DeInit
                0x0000000008006ece       0x64 ./Middlewares/ST/STM32_USB_Device_Library/Class/CDC/Src/usbd_cdc.o
 .text.USBD_CDC_Init
                0x0000000008006f32       0xee ./Middlewares/ST/STM32_USB_Device_Library/Class/CDC/Src/usbd_cdc.o
 .text.USBD_CDC_RegisterInterface
                0x0000000008007020       0x16 ./Middlewares/ST/STM32_USB_Device_Library/Class/CDC/Src/usbd_cdc.o
                0x0000000008007020                USBD_CDC_RegisterInterface
 .text.USBD_CDC_SetTxBuffer
                0x0000000008007036       0x1c ./Middlewares/ST/STM32_USB_Device_Library/Class/CDC/Src/usbd_cdc.o
                0x0000000008007036                USBD_CDC_SetTxBuffer
 .text.USBD_CDC_SetRxBuffer
                0x0000000008007052       0x18 ./Middlewares/ST/STM32_USB_Device_Library/Class/CDC/Src/usbd_cdc.o
                0x0000000008007052                USBD_CDC_SetRxBuffer
 .text.USBD_CDC_TransmitPacket
                0x000000000800706a       0x3a ./Middlewares/ST/STM32_USB_Device_Library/Class/CDC/Src/usbd_cdc.o
                0x000000000800706a                USBD_CDC_TransmitPacket
 .text.USBD_CDC_ReceivePacket
                0x00000000080070a4       0x38 ./Middlewares/ST/STM32_USB_Device_Library/Class/CDC/Src/usbd_cdc.o
                0x00000000080070a4                USBD_CDC_ReceivePacket
 .text.USBD_Init
                0x00000000080070dc       0x2e ./Middlewares/ST/STM32_USB_Device_Library/Core/Src/usbd_core.o
                0x00000000080070dc                USBD_Init
 .text.USBD_RegisterClass
                0x000000000800710a       0x34 ./Middlewares/ST/STM32_USB_Device_Library/Core/Src/usbd_core.o
                0x000000000800710a                USBD_RegisterClass
 .text.USBD_Start
                0x000000000800713e        0x8 ./Middlewares/ST/STM32_USB_Device_Library/Core/Src/usbd_core.o
                0x000000000800713e                USBD_Start
 .text.USBD_SetClassConfig
                0x0000000008007146       0x12 ./Middlewares/ST/STM32_USB_Device_Library/Core/Src/usbd_core.o
                0x0000000008007146                USBD_SetClassConfig
 .text.USBD_ClrClassConfig
                0x0000000008007158       0x12 ./Middlewares/ST/STM32_USB_Device_Library/Core/Src/usbd_core.o
                0x0000000008007158                USBD_ClrClassConfig
 .text.USBD_LL_SetupStage
                0x000000000800716a       0x58 ./Middlewares/ST/STM32_USB_Device_Library/Core/Src/usbd_core.o
                0x000000000800716a                USBD_LL_SetupStage
 .text.USBD_LL_Reset
                0x00000000080071c2       0x64 ./Middlewares/ST/STM32_USB_Device_Library/Core/Src/usbd_core.o
                0x00000000080071c2                USBD_LL_Reset
 .text.USBD_LL_SetSpeed
                0x0000000008007226        0x6 ./Middlewares/ST/STM32_USB_Device_Library/Core/Src/usbd_core.o
                0x0000000008007226                USBD_LL_SetSpeed
 .text.USBD_LL_Suspend
                0x000000000800722c       0x14 ./Middlewares/ST/STM32_USB_Device_Library/Core/Src/usbd_core.o
                0x000000000800722c                USBD_LL_Suspend
 .text.USBD_LL_Resume
                0x0000000008007240       0x1a ./Middlewares/ST/STM32_USB_Device_Library/Core/Src/usbd_core.o
                0x0000000008007240                USBD_LL_Resume
 .text.USBD_LL_SOF
                0x000000000800725a       0x22 ./Middlewares/ST/STM32_USB_Device_Library/Core/Src/usbd_core.o
                0x000000000800725a                USBD_LL_SOF
 .text.USBD_LL_IsoINIncomplete
                0x000000000800727c       0x2e ./Middlewares/ST/STM32_USB_Device_Library/Core/Src/usbd_core.o
                0x000000000800727c                USBD_LL_IsoINIncomplete
 .text.USBD_LL_IsoOUTIncomplete
                0x00000000080072aa       0x2e ./Middlewares/ST/STM32_USB_Device_Library/Core/Src/usbd_core.o
                0x00000000080072aa                USBD_LL_IsoOUTIncomplete
 .text.USBD_LL_DevConnected
                0x00000000080072d8        0x4 ./Middlewares/ST/STM32_USB_Device_Library/Core/Src/usbd_core.o
                0x00000000080072d8                USBD_LL_DevConnected
 .text.USBD_LL_DevDisconnected
                0x00000000080072dc       0x20 ./Middlewares/ST/STM32_USB_Device_Library/Core/Src/usbd_core.o
                0x00000000080072dc                USBD_LL_DevDisconnected
 .text.USBD_CoreFindIF
                0x00000000080072fc        0x4 ./Middlewares/ST/STM32_USB_Device_Library/Core/Src/usbd_core.o
                0x00000000080072fc                USBD_CoreFindIF
 .text.USBD_CoreFindEP
                0x0000000008007300        0x4 ./Middlewares/ST/STM32_USB_Device_Library/Core/Src/usbd_core.o
                0x0000000008007300                USBD_CoreFindEP
 .text.USBD_LL_DataOutStage
                0x0000000008007304       0xc6 ./Middlewares/ST/STM32_USB_Device_Library/Core/Src/usbd_core.o
                0x0000000008007304                USBD_LL_DataOutStage
 .text.USBD_LL_DataInStage
                0x00000000080073ca       0xd6 ./Middlewares/ST/STM32_USB_Device_Library/Core/Src/usbd_core.o
                0x00000000080073ca                USBD_LL_DataInStage
 .text.USBD_GetNextDesc
                0x00000000080074a0        0xe ./Middlewares/ST/STM32_USB_Device_Library/Core/Src/usbd_core.o
                0x00000000080074a0                USBD_GetNextDesc
 .text.USBD_GetEpDesc
                0x00000000080074ae       0x3e ./Middlewares/ST/STM32_USB_Device_Library/Core/Src/usbd_core.o
                0x00000000080074ae                USBD_GetEpDesc
 .text.USBD_GetLen
                0x00000000080074ec       0x14 ./Middlewares/ST/STM32_USB_Device_Library/Core/Src/usbd_ctlreq.o
 .text.USBD_ParseSetupRequest
                0x0000000008007500       0x28 ./Middlewares/ST/STM32_USB_Device_Library/Core/Src/usbd_ctlreq.o
                0x0000000008007500                USBD_ParseSetupRequest
 .text.USBD_CtlError
                0x0000000008007528       0x14 ./Middlewares/ST/STM32_USB_Device_Library/Core/Src/usbd_ctlreq.o
                0x0000000008007528                USBD_CtlError
 .text.USBD_GetDescriptor
                0x000000000800753c      0x1ac ./Middlewares/ST/STM32_USB_Device_Library/Core/Src/usbd_ctlreq.o
 .text.USBD_SetAddress
                0x00000000080076e8       0x50 ./Middlewares/ST/STM32_USB_Device_Library/Core/Src/usbd_ctlreq.o
 .text.USBD_SetConfig
                0x0000000008007738       0xcc ./Middlewares/ST/STM32_USB_Device_Library/Core/Src/usbd_ctlreq.o
 .text.USBD_GetConfig
                0x0000000008007804       0x40 ./Middlewares/ST/STM32_USB_Device_Library/Core/Src/usbd_ctlreq.o
 .text.USBD_GetStatus
                0x0000000008007844       0x38 ./Middlewares/ST/STM32_USB_Device_Library/Core/Src/usbd_ctlreq.o
 .text.USBD_SetFeature
                0x000000000800787c       0x2a ./Middlewares/ST/STM32_USB_Device_Library/Core/Src/usbd_ctlreq.o
 .text.USBD_ClrFeature
                0x00000000080078a6       0x26 ./Middlewares/ST/STM32_USB_Device_Library/Core/Src/usbd_ctlreq.o
 .text.USBD_StdDevReq
                0x00000000080078cc       0x76 ./Middlewares/ST/STM32_USB_Device_Library/Core/Src/usbd_ctlreq.o
                0x00000000080078cc                USBD_StdDevReq
 .text.USBD_StdItfReq
                0x0000000008007942       0x84 ./Middlewares/ST/STM32_USB_Device_Library/Core/Src/usbd_ctlreq.o
                0x0000000008007942                USBD_StdItfReq
 .text.USBD_StdEPReq
                0x00000000080079c6      0x230 ./Middlewares/ST/STM32_USB_Device_Library/Core/Src/usbd_ctlreq.o
                0x00000000080079c6                USBD_StdEPReq
 .text.USBD_GetString
                0x0000000008007bf6       0x3a ./Middlewares/ST/STM32_USB_Device_Library/Core/Src/usbd_ctlreq.o
                0x0000000008007bf6                USBD_GetString
 .text.USBD_CtlSendData
                0x0000000008007c30       0x1a ./Middlewares/ST/STM32_USB_Device_Library/Core/Src/usbd_ioreq.o
                0x0000000008007c30                USBD_CtlSendData
 .text.USBD_CtlContinueSendData
                0x0000000008007c4a       0x10 ./Middlewares/ST/STM32_USB_Device_Library/Core/Src/usbd_ioreq.o
                0x0000000008007c4a                USBD_CtlContinueSendData
 .text.USBD_CtlPrepareRx
                0x0000000008007c5a       0x1e ./Middlewares/ST/STM32_USB_Device_Library/Core/Src/usbd_ioreq.o
                0x0000000008007c5a                USBD_CtlPrepareRx
 .text.USBD_CtlContinueRx
                0x0000000008007c78       0x10 ./Middlewares/ST/STM32_USB_Device_Library/Core/Src/usbd_ioreq.o
                0x0000000008007c78                USBD_CtlContinueRx
 .text.USBD_CtlSendStatus
                0x0000000008007c88       0x16 ./Middlewares/ST/STM32_USB_Device_Library/Core/Src/usbd_ioreq.o
                0x0000000008007c88                USBD_CtlSendStatus
 .text.USBD_CtlReceiveStatus
                0x0000000008007c9e       0x16 ./Middlewares/ST/STM32_USB_Device_Library/Core/Src/usbd_ioreq.o
                0x0000000008007c9e                USBD_CtlReceiveStatus
 .text.disk_status
                0x0000000008007cb4       0x18 ./Middlewares/Third_Party/FatFs/src/diskio.o
                0x0000000008007cb4                disk_status
 .text.disk_initialize
                0x0000000008007ccc       0x28 ./Middlewares/Third_Party/FatFs/src/diskio.o
                0x0000000008007ccc                disk_initialize
 .text.disk_read
                0x0000000008007cf4       0x18 ./Middlewares/Third_Party/FatFs/src/diskio.o
                0x0000000008007cf4                disk_read
 .text.disk_write
                0x0000000008007d0c       0x18 ./Middlewares/Third_Party/FatFs/src/diskio.o
                0x0000000008007d0c                disk_write
 .text.disk_ioctl
                0x0000000008007d24       0x18 ./Middlewares/Third_Party/FatFs/src/diskio.o
                0x0000000008007d24                disk_ioctl
 .text.ld_word  0x0000000008007d3c        0xa ./Middlewares/Third_Party/FatFs/src/ff.o
 .text.ld_dword
                0x0000000008007d46       0x16 ./Middlewares/Third_Party/FatFs/src/ff.o
 .text.ld_qword
                0x0000000008007d5c       0x44 ./Middlewares/Third_Party/FatFs/src/ff.o
 .text.st_word  0x0000000008007da0        0x8 ./Middlewares/Third_Party/FatFs/src/ff.o
 .text.st_dword
                0x0000000008007da8       0x14 ./Middlewares/Third_Party/FatFs/src/ff.o
 .text.st_qword
                0x0000000008007dbc       0x26 ./Middlewares/Third_Party/FatFs/src/ff.o
 .text.mem_cpy  0x0000000008007de2       0x14 ./Middlewares/Third_Party/FatFs/src/ff.o
 .text.mem_set  0x0000000008007df6        0xa ./Middlewares/Third_Party/FatFs/src/ff.o
 .text.mem_cmp  0x0000000008007e00       0x1a ./Middlewares/Third_Party/FatFs/src/ff.o
 .text.chk_chr  0x0000000008007e1a       0x10 ./Middlewares/Third_Party/FatFs/src/ff.o
 *fill*         0x0000000008007e2a        0x2 
 .text.chk_lock
                0x0000000008007e2c       0x74 ./Middlewares/Third_Party/FatFs/src/ff.o
 .text.enq_lock
                0x0000000008007ea0       0x1c ./Middlewares/Third_Party/FatFs/src/ff.o
 .text.inc_lock
                0x0000000008007ebc       0xa4 ./Middlewares/Third_Party/FatFs/src/ff.o
 .text.dec_lock
                0x0000000008007f60       0x3c ./Middlewares/Third_Party/FatFs/src/ff.o
 .text.clear_lock
                0x0000000008007f9c       0x38 ./Middlewares/Third_Party/FatFs/src/ff.o
 .text.clust2sect
                0x0000000008007fd4       0x18 ./Middlewares/Third_Party/FatFs/src/ff.o
 .text.clmt_clust
                0x0000000008007fec       0x42 ./Middlewares/Third_Party/FatFs/src/ff.o
 .text.ld_clust
                0x000000000800802e       0x26 ./Middlewares/Third_Party/FatFs/src/ff.o
 .text.st_clust
                0x0000000008008054       0x26 ./Middlewares/Third_Party/FatFs/src/ff.o
 *fill*         0x000000000800807a        0x2 
 .text.pick_lfn
                0x000000000800807c       0x84 ./Middlewares/Third_Party/FatFs/src/ff.o
 .text.put_lfn  0x0000000008008100       0x78 ./Middlewares/Third_Party/FatFs/src/ff.o
 .text.gen_numname
                0x0000000008008178       0xaa ./Middlewares/Third_Party/FatFs/src/ff.o
 .text.sum_sfn  0x0000000008008222       0x20 ./Middlewares/Third_Party/FatFs/src/ff.o
 .text.xdir_sum
                0x0000000008008242       0x32 ./Middlewares/Third_Party/FatFs/src/ff.o
 .text.get_achar
                0x0000000008008274       0x28 ./Middlewares/Third_Party/FatFs/src/ff.o
 .text.pattern_matching
                0x000000000800829c       0xae ./Middlewares/Third_Party/FatFs/src/ff.o
 .text.get_ldnumber
                0x000000000800834a       0x54 ./Middlewares/Third_Party/FatFs/src/ff.o
 .text.validate
                0x000000000800839e       0x46 ./Middlewares/Third_Party/FatFs/src/ff.o
 .text.sync_window
                0x00000000080083e4       0x54 ./Middlewares/Third_Party/FatFs/src/ff.o
 .text.move_window
                0x0000000008008438       0x36 ./Middlewares/Third_Party/FatFs/src/ff.o
 *fill*         0x000000000800846e        0x2 
 .text.check_fs
                0x0000000008008470       0x8c ./Middlewares/Third_Party/FatFs/src/ff.o
 .text.find_volume
                0x00000000080084fc      0x4d4 ./Middlewares/Third_Party/FatFs/src/ff.o
 .text.find_bitmap
                0x00000000080089d0       0x96 ./Middlewares/Third_Party/FatFs/src/ff.o
 .text.change_bitmap
                0x0000000008008a66       0x7c ./Middlewares/Third_Party/FatFs/src/ff.o
 .text.put_fat  0x0000000008008ae2      0x160 ./Middlewares/Third_Party/FatFs/src/ff.o
 .text.fill_last_frag
                0x0000000008008c42       0x30 ./Middlewares/Third_Party/FatFs/src/ff.o
 .text.fill_first_frag
                0x0000000008008c72       0x32 ./Middlewares/Third_Party/FatFs/src/ff.o
 .text.get_fat  0x0000000008008ca4      0x1a8 ./Middlewares/Third_Party/FatFs/src/ff.o
 .text.dir_sdi  0x0000000008008e4c       0xd6 ./Middlewares/Third_Party/FatFs/src/ff.o
 .text.create_chain
                0x0000000008008f22      0x186 ./Middlewares/Third_Party/FatFs/src/ff.o
 .text.remove_chain
                0x00000000080090a8       0xfe ./Middlewares/Third_Party/FatFs/src/ff.o
 .text.dir_next
                0x00000000080091a6      0x132 ./Middlewares/Third_Party/FatFs/src/ff.o
 .text.load_xdir
                0x00000000080092d8       0xf0 ./Middlewares/Third_Party/FatFs/src/ff.o
 .text.load_obj_dir
                0x00000000080093c8       0x32 ./Middlewares/Third_Party/FatFs/src/ff.o
 .text.dir_read
                0x00000000080093fa       0xea ./Middlewares/Third_Party/FatFs/src/ff.o
 .text.dir_alloc
                0x00000000080094e4       0x6c ./Middlewares/Third_Party/FatFs/src/ff.o
 .text.store_xdir
                0x0000000008009550       0x5e ./Middlewares/Third_Party/FatFs/src/ff.o
 *fill*         0x00000000080095ae        0x2 
 .text.sync_fs  0x00000000080095b0       0x88 ./Middlewares/Third_Party/FatFs/src/ff.o
 .text.create_name
                0x0000000008009638      0x22c ./Middlewares/Third_Party/FatFs/src/ff.o
 .text.get_xdir_info
                0x0000000008009864       0x9a ./Middlewares/Third_Party/FatFs/src/ff.o
 .text.get_fileinfo
                0x00000000080098fe      0x102 ./Middlewares/Third_Party/FatFs/src/ff.o
 .text.xname_sum
                0x0000000008009a00       0x38 ./Middlewares/Third_Party/FatFs/src/ff.o
 .text.create_xdir
                0x0000000008009a38       0x7e ./Middlewares/Third_Party/FatFs/src/ff.o
 *fill*         0x0000000008009ab6        0x2 
 .text.cmp_lfn  0x0000000008009ab8       0xa0 ./Middlewares/Third_Party/FatFs/src/ff.o
 .text.dir_find
                0x0000000008009b58      0x172 ./Middlewares/Third_Party/FatFs/src/ff.o
 .text.follow_path
                0x0000000008009cca       0xd4 ./Middlewares/Third_Party/FatFs/src/ff.o
 *fill*         0x0000000008009d9e        0x2 
 .text.dir_register
                0x0000000008009da0      0x200 ./Middlewares/Third_Party/FatFs/src/ff.o
 .text.f_mount  0x0000000008009fa0       0x5c ./Middlewares/Third_Party/FatFs/src/ff.o
                0x0000000008009fa0                f_mount
 .text.f_open   0x0000000008009ffc      0x37a ./Middlewares/Third_Party/FatFs/src/ff.o
                0x0000000008009ffc                f_open
 .text.f_write  0x000000000800a376      0x256 ./Middlewares/Third_Party/FatFs/src/ff.o
                0x000000000800a376                f_write
 .text.f_sync   0x000000000800a5cc      0x14c ./Middlewares/Third_Party/FatFs/src/ff.o
                0x000000000800a5cc                f_sync
 .text.f_close  0x000000000800a718       0x2a ./Middlewares/Third_Party/FatFs/src/ff.o
                0x000000000800a718                f_close
 .text.f_lseek  0x000000000800a742      0x3dc ./Middlewares/Third_Party/FatFs/src/ff.o
                0x000000000800a742                f_lseek
 .text.f_opendir
                0x000000000800ab1e       0xcc ./Middlewares/Third_Party/FatFs/src/ff.o
                0x000000000800ab1e                f_opendir
 .text.f_readdir
                0x000000000800abea       0x4e ./Middlewares/Third_Party/FatFs/src/ff.o
                0x000000000800abea                f_readdir
 .text.f_findnext
                0x000000000800ac38       0x2e ./Middlewares/Third_Party/FatFs/src/ff.o
                0x000000000800ac38                f_findnext
 .text.f_findfirst
                0x000000000800ac66       0x1c ./Middlewares/Third_Party/FatFs/src/ff.o
                0x000000000800ac66                f_findfirst
 .text.f_truncate
                0x000000000800ac82       0xc8 ./Middlewares/Third_Party/FatFs/src/ff.o
                0x000000000800ac82                f_truncate
 .text.f_expand
                0x000000000800ad4a      0x1ee ./Middlewares/Third_Party/FatFs/src/ff.o
                0x000000000800ad4a                f_expand
 .text.FATFS_LinkDriverEx
                0x000000000800af38       0x54 ./Middlewares/Third_Party/FatFs/src/ff_gen_drv.o
                0x000000000800af38                FATFS_LinkDriverEx
 .text.FATFS_LinkDriver
                0x000000000800af8c        0xa ./Middlewares/Third_Party/FatFs/src/ff_gen_drv.o
                0x000000000800af8c                FATFS_LinkDriver
 *fill*         0x000000000800af96        0x2 
 .text.ff_convert
                0x000000000800af98       0x3c ./Middlewares/Third_Party/FatFs/src/option/ccsbcs.o
                0x000000000800af98                ff_convert
 .text.ff_wtoupper
                0x000000000800afd4       0x9c ./Middlewares/Third_Party/FatFs/src/option/ccsbcs.o
                0x000000000800afd4                ff_wtoupper
 .text.MX_USB_DEVICE_Init
                0x000000000800b070       0x54 ./USB_DEVICE/App/usb_device.o
                0x000000000800b070                MX_USB_DEVICE_Init
 .text.CDC_DeInit_FS
                0x000000000800b0c4        0x4 ./USB_DEVICE/App/usbd_cdc_if.o
 .text.CDC_Control_FS
                0x000000000800b0c8        0x4 ./USB_DEVICE/App/usbd_cdc_if.o
 .text.CDC_TransmitCplt_FS
                0x000000000800b0cc        0x4 ./USB_DEVICE/App/usbd_cdc_if.o
 .text.CDC_Receive_FS
                0x000000000800b0d0       0x28 ./USB_DEVICE/App/usbd_cdc_if.o
 .text.CDC_Init_FS
                0x000000000800b0f8       0x28 ./USB_DEVICE/App/usbd_cdc_if.o
 .text.CDC_Transmit_FS
                0x000000000800b120       0x2c ./USB_DEVICE/App/usbd_cdc_if.o
                0x000000000800b120                CDC_Transmit_FS
 .text.USBD_FS_DeviceDescriptor
                0x000000000800b14c        0xc ./USB_DEVICE/App/usbd_desc.o
                0x000000000800b14c                USBD_FS_DeviceDescriptor
 .text.USBD_FS_LangIDStrDescriptor
                0x000000000800b158        0xc ./USB_DEVICE/App/usbd_desc.o
                0x000000000800b158                USBD_FS_LangIDStrDescriptor
 .text.USBD_FS_USR_BOSDescriptor
                0x000000000800b164        0xc ./USB_DEVICE/App/usbd_desc.o
                0x000000000800b164                USBD_FS_USR_BOSDescriptor
 .text.IntToUnicode
                0x000000000800b170       0x46 ./USB_DEVICE/App/usbd_desc.o
 *fill*         0x000000000800b1b6        0x2 
 .text.Get_SerialNum
                0x000000000800b1b8       0x38 ./USB_DEVICE/App/usbd_desc.o
 .text.USBD_FS_SerialStrDescriptor
                0x000000000800b1f0       0x14 ./USB_DEVICE/App/usbd_desc.o
                0x000000000800b1f0                USBD_FS_SerialStrDescriptor
 .text.USBD_FS_ProductStrDescriptor
                0x000000000800b204       0x24 ./USB_DEVICE/App/usbd_desc.o
                0x000000000800b204                USBD_FS_ProductStrDescriptor
 .text.USBD_FS_ManufacturerStrDescriptor
                0x000000000800b228       0x1c ./USB_DEVICE/App/usbd_desc.o
                0x000000000800b228                USBD_FS_ManufacturerStrDescriptor
 .text.USBD_FS_ConfigStrDescriptor
                0x000000000800b244       0x24 ./USB_DEVICE/App/usbd_desc.o
                0x000000000800b244                USBD_FS_ConfigStrDescriptor
 .text.USBD_FS_InterfaceStrDescriptor
                0x000000000800b268       0x24 ./USB_DEVICE/App/usbd_desc.o
                0x000000000800b268                USBD_FS_InterfaceStrDescriptor
 .text.HAL_PCD_MspInit
                0x000000000800b28c       0xa8 ./USB_DEVICE/Target/usbd_conf.o
                0x000000000800b28c                HAL_PCD_MspInit
 .text.HAL_PCD_SetupStageCallback
                0x000000000800b334       0x10 ./USB_DEVICE/Target/usbd_conf.o
                0x000000000800b334                HAL_PCD_SetupStageCallback
 .text.HAL_PCD_DataOutStageCallback
                0x000000000800b344       0x18 ./USB_DEVICE/Target/usbd_conf.o
                0x000000000800b344                HAL_PCD_DataOutStageCallback
 .text.HAL_PCD_DataInStageCallback
                0x000000000800b35c       0x16 ./USB_DEVICE/Target/usbd_conf.o
                0x000000000800b35c                HAL_PCD_DataInStageCallback
 .text.HAL_PCD_SOFCallback
                0x000000000800b372        0xc ./USB_DEVICE/Target/usbd_conf.o
                0x000000000800b372                HAL_PCD_SOFCallback
 .text.HAL_PCD_ResetCallback
                0x000000000800b37e       0x2c ./USB_DEVICE/Target/usbd_conf.o
                0x000000000800b37e                HAL_PCD_ResetCallback
 *fill*         0x000000000800b3aa        0x2 
 .text.HAL_PCD_SuspendCallback
                0x000000000800b3ac       0x30 ./USB_DEVICE/Target/usbd_conf.o
                0x000000000800b3ac                HAL_PCD_SuspendCallback
 .text.HAL_PCD_ResumeCallback
                0x000000000800b3dc        0xc ./USB_DEVICE/Target/usbd_conf.o
                0x000000000800b3dc                HAL_PCD_ResumeCallback
 .text.HAL_PCD_ISOOUTIncompleteCallback
                0x000000000800b3e8        0xc ./USB_DEVICE/Target/usbd_conf.o
                0x000000000800b3e8                HAL_PCD_ISOOUTIncompleteCallback
 .text.HAL_PCD_ISOINIncompleteCallback
                0x000000000800b3f4        0xc ./USB_DEVICE/Target/usbd_conf.o
                0x000000000800b3f4                HAL_PCD_ISOINIncompleteCallback
 .text.HAL_PCD_ConnectCallback
                0x000000000800b400        0xc ./USB_DEVICE/Target/usbd_conf.o
                0x000000000800b400                HAL_PCD_ConnectCallback
 .text.HAL_PCD_DisconnectCallback
                0x000000000800b40c        0xc ./USB_DEVICE/Target/usbd_conf.o
                0x000000000800b40c                HAL_PCD_DisconnectCallback
 .text.USBD_LL_Init
                0x000000000800b418       0x68 ./USB_DEVICE/Target/usbd_conf.o
                0x000000000800b418                USBD_LL_Init
 .text.USBD_LL_IsStallEP
                0x000000000800b480       0x2e ./USB_DEVICE/Target/usbd_conf.o
                0x000000000800b480                USBD_LL_IsStallEP
 .text.USBD_LL_GetRxDataSize
                0x000000000800b4ae        0xc ./USB_DEVICE/Target/usbd_conf.o
                0x000000000800b4ae                USBD_LL_GetRxDataSize
 *fill*         0x000000000800b4ba        0x2 
 .text.HAL_PCDEx_LPM_Callback
                0x000000000800b4bc       0x64 ./USB_DEVICE/Target/usbd_conf.o
                0x000000000800b4bc                HAL_PCDEx_LPM_Callback
 .text.USBD_static_malloc
                0x000000000800b520        0x8 ./USB_DEVICE/Target/usbd_conf.o
                0x000000000800b520                USBD_static_malloc
 .text.USBD_static_free
                0x000000000800b528        0x2 ./USB_DEVICE/Target/usbd_conf.o
                0x000000000800b528                USBD_static_free
 .text.USBD_Get_USB_Status
                0x000000000800b52a       0x14 ./USB_DEVICE/Target/usbd_conf.o
                0x000000000800b52a                USBD_Get_USB_Status
 .text.USBD_LL_Start
                0x000000000800b53e       0x10 ./USB_DEVICE/Target/usbd_conf.o
                0x000000000800b53e                USBD_LL_Start
 .text.USBD_LL_OpenEP
                0x000000000800b54e       0x16 ./USB_DEVICE/Target/usbd_conf.o
                0x000000000800b54e                USBD_LL_OpenEP
 .text.USBD_LL_CloseEP
                0x000000000800b564       0x10 ./USB_DEVICE/Target/usbd_conf.o
                0x000000000800b564                USBD_LL_CloseEP
 .text.USBD_LL_StallEP
                0x000000000800b574       0x10 ./USB_DEVICE/Target/usbd_conf.o
                0x000000000800b574                USBD_LL_StallEP
 .text.USBD_LL_ClearStallEP
                0x000000000800b584       0x10 ./USB_DEVICE/Target/usbd_conf.o
                0x000000000800b584                USBD_LL_ClearStallEP
 .text.USBD_LL_SetUSBAddress
                0x000000000800b594       0x10 ./USB_DEVICE/Target/usbd_conf.o
                0x000000000800b594                USBD_LL_SetUSBAddress
 .text.USBD_LL_Transmit
                0x000000000800b5a4       0x10 ./USB_DEVICE/Target/usbd_conf.o
                0x000000000800b5a4                USBD_LL_Transmit
 .text.USBD_LL_PrepareReceive
                0x000000000800b5b4       0x10 ./USB_DEVICE/Target/usbd_conf.o
                0x000000000800b5b4                USBD_LL_PrepareReceive
 .text.sprintf  0x000000000800b5c4       0x40 C:/ST/STM32CubeIDE_1.4.0/STM32CubeIDE/plugins/com.st.stm32cube.ide.mcu.externaltools.gnu-tools-for-stm32.11.3.rel1.win32_1.1.100.202309141235/tools/bin/../lib/gcc/arm-none-eabi/11.3.1/../../../../arm-none-eabi/lib/thumb/v7e-m+fp/hard\libc_nano.a(libc_a-sprintf.o)
                0x000000000800b5c4                siprintf
                0x000000000800b5c4                sprintf
 .text.memset   0x000000000800b604       0x10 C:/ST/STM32CubeIDE_1.4.0/STM32CubeIDE/plugins/com.st.stm32cube.ide.mcu.externaltools.gnu-tools-for-stm32.11.3.rel1.win32_1.1.100.202309141235/tools/bin/../lib/gcc/arm-none-eabi/11.3.1/../../../../arm-none-eabi/lib/thumb/v7e-m+fp/hard\libc_nano.a(libc_a-memset.o)
                0x000000000800b604                memset
 .text.__errno  0x000000000800b614        0xc C:/ST/STM32CubeIDE_1.4.0/STM32CubeIDE/plugins/com.st.stm32cube.ide.mcu.externaltools.gnu-tools-for-stm32.11.3.rel1.win32_1.1.100.202309141235/tools/bin/../lib/gcc/arm-none-eabi/11.3.1/../../../../arm-none-eabi/lib/thumb/v7e-m+fp/hard\libc_nano.a(libc_a-errno.o)
                0x000000000800b614                __errno
 .text.__libc_init_array
                0x000000000800b620       0x48 C:/ST/STM32CubeIDE_1.4.0/STM32CubeIDE/plugins/com.st.stm32cube.ide.mcu.externaltools.gnu-tools-for-stm32.11.3.rel1.win32_1.1.100.202309141235/tools/bin/../lib/gcc/arm-none-eabi/11.3.1/../../../../arm-none-eabi/lib/thumb/v7e-m+fp/hard\libc_nano.a(libc_a-init.o)
                0x000000000800b620                __libc_init_array
 .text.__retarget_lock_acquire_recursive
                0x000000000800b668        0x2 C:/ST/STM32CubeIDE_1.4.0/STM32CubeIDE/plugins/com.st.stm32cube.ide.mcu.externaltools.gnu-tools-for-stm32.11.3.rel1.win32_1.1.100.202309141235/tools/bin/../lib/gcc/arm-none-eabi/11.3.1/../../../../arm-none-eabi/lib/thumb/v7e-m+fp/hard\libc_nano.a(libc_a-lock.o)
                0x000000000800b668                __retarget_lock_acquire_recursive
 .text.__retarget_lock_release_recursive
                0x000000000800b66a        0x2 C:/ST/STM32CubeIDE_1.4.0/STM32CubeIDE/plugins/com.st.stm32cube.ide.mcu.externaltools.gnu-tools-for-stm32.11.3.rel1.win32_1.1.100.202309141235/tools/bin/../lib/gcc/arm-none-eabi/11.3.1/../../../../arm-none-eabi/lib/thumb/v7e-m+fp/hard\libc_nano.a(libc_a-lock.o)
                0x000000000800b66a                __retarget_lock_release_recursive
 .text.memcpy   0x000000000800b66c       0x1c C:/ST/STM32CubeIDE_1.4.0/STM32CubeIDE/plugins/com.st.stm32cube.ide.mcu.externaltools.gnu-tools-for-stm32.11.3.rel1.win32_1.1.100.202309141235/tools/bin/../lib/gcc/arm-none-eabi/11.3.1/../../../../arm-none-eabi/lib/thumb/v7e-m+fp/hard\libc_nano.a(libc_a-memcpy-stub.o)
                0x000000000800b66c                memcpy
 .text._free_r  0x000000000800b688       0x98 C:/ST/STM32CubeIDE_1.4.0/STM32CubeIDE/plugins/com.st.stm32cube.ide.mcu.externaltools.gnu-tools-for-stm32.11.3.rel1.win32_1.1.100.202309141235/tools/bin/../lib/gcc/arm-none-eabi/11.3.1/../../../../arm-none-eabi/lib/thumb/v7e-m+fp/hard\libc_nano.a(libc_a-freer.o)
                0x000000000800b688                _free_r
 .text.sbrk_aligned
                0x000000000800b720       0x40 C:/ST/STM32CubeIDE_1.4.0/STM32CubeIDE/plugins/com.st.stm32cube.ide.mcu.externaltools.gnu-tools-for-stm32.11.3.rel1.win32_1.1.100.202309141235/tools/bin/../lib/gcc/arm-none-eabi/11.3.1/../../../../arm-none-eabi/lib/thumb/v7e-m+fp/hard\libc_nano.a(libc_a-mallocr.o)
 .text._malloc_r
                0x000000000800b760      0x100 C:/ST/STM32CubeIDE_1.4.0/STM32CubeIDE/plugins/com.st.stm32cube.ide.mcu.externaltools.gnu-tools-for-stm32.11.3.rel1.win32_1.1.100.202309141235/tools/bin/../lib/gcc/arm-none-eabi/11.3.1/../../../../arm-none-eabi/lib/thumb/v7e-m+fp/hard\libc_nano.a(libc_a-mallocr.o)
                0x000000000800b760                _malloc_r
 .text.__malloc_lock
                0x000000000800b860        0xc C:/ST/STM32CubeIDE_1.4.0/STM32CubeIDE/plugins/com.st.stm32cube.ide.mcu.externaltools.gnu-tools-for-stm32.11.3.rel1.win32_1.1.100.202309141235/tools/bin/../lib/gcc/arm-none-eabi/11.3.1/../../../../arm-none-eabi/lib/thumb/v7e-m+fp/hard\libc_nano.a(libc_a-mlock.o)
                0x000000000800b860                __malloc_lock
 .text.__malloc_unlock
                0x000000000800b86c        0xc C:/ST/STM32CubeIDE_1.4.0/STM32CubeIDE/plugins/com.st.stm32cube.ide.mcu.externaltools.gnu-tools-for-stm32.11.3.rel1.win32_1.1.100.202309141235/tools/bin/../lib/gcc/arm-none-eabi/11.3.1/../../../../arm-none-eabi/lib/thumb/v7e-m+fp/hard\libc_nano.a(libc_a-mlock.o)
                0x000000000800b86c                __malloc_unlock
 .text.__ssputs_r
                0x000000000800b878       0xb4 C:/ST/STM32CubeIDE_1.4.0/STM32CubeIDE/plugins/com.st.stm32cube.ide.mcu.externaltools.gnu-tools-for-stm32.11.3.rel1.win32_1.1.100.202309141235/tools/bin/../lib/gcc/arm-none-eabi/11.3.1/../../../../arm-none-eabi/lib/thumb/v7e-m+fp/hard\libc_nano.a(libc_a-nano-svfprintf.o)
                0x000000000800b878                __ssputs_r
 .text._svfprintf_r
                0x000000000800b92c      0x1fc C:/ST/STM32CubeIDE_1.4.0/STM32CubeIDE/plugins/com.st.stm32cube.ide.mcu.externaltools.gnu-tools-for-stm32.11.3.rel1.win32_1.1.100.202309141235/tools/bin/../lib/gcc/arm-none-eabi/11.3.1/../../../../arm-none-eabi/lib/thumb/v7e-m+fp/hard\libc_nano.a(libc_a-nano-svfprintf.o)
                0x000000000800b92c                _svfiprintf_r
                0x000000000800b92c                _svfprintf_r
 .text._printf_common
                0x000000000800bb28       0xda C:/ST/STM32CubeIDE_1.4.0/STM32CubeIDE/plugins/com.st.stm32cube.ide.mcu.externaltools.gnu-tools-for-stm32.11.3.rel1.win32_1.1.100.202309141235/tools/bin/../lib/gcc/arm-none-eabi/11.3.1/../../../../arm-none-eabi/lib/thumb/v7e-m+fp/hard\libc_nano.a(libc_a-nano-vfprintf_i.o)
                0x000000000800bb28                _printf_common
 *fill*         0x000000000800bc02        0x2 
 .text._printf_i
                0x000000000800bc04      0x244 C:/ST/STM32CubeIDE_1.4.0/STM32CubeIDE/plugins/com.st.stm32cube.ide.mcu.externaltools.gnu-tools-for-stm32.11.3.rel1.win32_1.1.100.202309141235/tools/bin/../lib/gcc/arm-none-eabi/11.3.1/../../../../arm-none-eabi/lib/thumb/v7e-m+fp/hard\libc_nano.a(libc_a-nano-vfprintf_i.o)
                0x000000000800bc04                _printf_i
 .text.memmove  0x000000000800be48       0x34 C:/ST/STM32CubeIDE_1.4.0/STM32CubeIDE/plugins/com.st.stm32cube.ide.mcu.externaltools.gnu-tools-for-stm32.11.3.rel1.win32_1.1.100.202309141235/tools/bin/../lib/gcc/arm-none-eabi/11.3.1/../../../../arm-none-eabi/lib/thumb/v7e-m+fp/hard\libc_nano.a(libc_a-memmove.o)
                0x000000000800be48                memmove
 .text._sbrk_r  0x000000000800be7c       0x20 C:/ST/STM32CubeIDE_1.4.0/STM32CubeIDE/plugins/com.st.stm32cube.ide.mcu.externaltools.gnu-tools-for-stm32.11.3.rel1.win32_1.1.100.202309141235/tools/bin/../lib/gcc/arm-none-eabi/11.3.1/../../../../arm-none-eabi/lib/thumb/v7e-m+fp/hard\libc_nano.a(libc_a-sbrkr.o)
                0x000000000800be7c                _sbrk_r
 .text._realloc_r
                0x000000000800be9c       0x5e C:/ST/STM32CubeIDE_1.4.0/STM32CubeIDE/plugins/com.st.stm32cube.ide.mcu.externaltools.gnu-tools-for-stm32.11.3.rel1.win32_1.1.100.202309141235/tools/bin/../lib/gcc/arm-none-eabi/11.3.1/../../../../arm-none-eabi/lib/thumb/v7e-m+fp/hard\libc_nano.a(libc_a-reallocr.o)
                0x000000000800be9c                _realloc_r
 .text._malloc_usable_size_r
                0x000000000800befa       0x10 C:/ST/STM32CubeIDE_1.4.0/STM32CubeIDE/plugins/com.st.stm32cube.ide.mcu.externaltools.gnu-tools-for-stm32.11.3.rel1.win32_1.1.100.202309141235/tools/bin/../lib/gcc/arm-none-eabi/11.3.1/../../../../arm-none-eabi/lib/thumb/v7e-m+fp/hard\libc_nano.a(libc_a-msizer.o)
                0x000000000800befa                _malloc_usable_size_r
 *(.glue_7)
 .glue_7        0x000000000800bf0a        0x0 linker stubs
 *(.glue_7t)
 .glue_7t       0x000000000800bf0a        0x0 linker stubs
 *(.eh_frame)
 *fill*         0x000000000800bf0a        0x2 
 .eh_frame      0x000000000800bf0c        0x0 C:/ST/STM32CubeIDE_1.4.0/STM32CubeIDE/plugins/com.st.stm32cube.ide.mcu.externaltools.gnu-tools-for-stm32.11.3.rel1.win32_1.1.100.202309141235/tools/bin/../lib/gcc/arm-none-eabi/11.3.1/thumb/v7e-m+fp/hard/crtbegin.o
 *(.init)
 .init          0x000000000800bf0c        0x4 C:/ST/STM32CubeIDE_1.4.0/STM32CubeIDE/plugins/com.st.stm32cube.ide.mcu.externaltools.gnu-tools-for-stm32.11.3.rel1.win32_1.1.100.202309141235/tools/bin/../lib/gcc/arm-none-eabi/11.3.1/thumb/v7e-m+fp/hard/crti.o
                0x000000000800bf0c                _init
 .init          0x000000000800bf10        0x8 C:/ST/STM32CubeIDE_1.4.0/STM32CubeIDE/plugins/com.st.stm32cube.ide.mcu.externaltools.gnu-tools-for-stm32.11.3.rel1.win32_1.1.100.202309141235/tools/bin/../lib/gcc/arm-none-eabi/11.3.1/thumb/v7e-m+fp/hard/crtn.o
 *(.fini)