../Drivers/STM32F4xx_HAL_Driver/Src/stm32f4xx_hal_sd.c:2493:13:SD_DMATransmitCplt	0	static
../Drivers/STM32F4xx_HAL_Driver/Src/stm32f4xx_hal_sd.c:2762:17:SD_PowerON	24	static
../Drivers/STM32F4xx_HAL_Driver/Src/stm32f4xx_hal_sd.c:2852:13:SD_PowerOFF	8	static
../Drivers/STM32F4xx_HAL_Driver/Src/stm32f4xx_hal_sd.c:3191:13:SD_Read_IT	24	static
../Drivers/STM32F4xx_HAL_Driver/Src/stm32f4xx_hal_sd.c:3230:13:SD_Write_IT	32	static
../Drivers/STM32F4xx_HAL_Driver/Src/stm32f4xx_hal_sd.c:2865:17:SD_SendSDStatus	48	static
../Drivers/STM32F4xx_HAL_Driver/Src/stm32f4xx_hal_sd.c:3094:17:SD_FindSCR	56	static
../Drivers/STM32F4xx_HAL_Driver/Src/stm32f4xx_hal_sd.c:2998:17:SD_WideBus_Enable	16	static
../Drivers/STM32F4xx_HAL_Driver/Src/stm32f4xx_hal_sd.c:3045:17:SD_WideBus_Disable	16	static
../Drivers/STM32F4xx_HAL_Driver/Src/stm32f4xx_hal_sd.c:2971:17:SD_SendStatus	16	static
../Drivers/STM32F4xx_HAL_Driver/Src/stm32f4xx_hal_sd.c:514:13:HAL_SD_MspInit	0	static
../Drivers/STM32F4xx_HAL_Driver/Src/stm32f4xx_hal_sd.c:529:13:HAL_SD_MspDeInit	0	static
../Drivers/STM32F4xx_HAL_Driver/Src/stm32f4xx_hal_sd.c:473:19:HAL_SD_DeInit	8	static
../Drivers/STM32F4xx_HAL_Driver/Src/stm32f4xx_hal_sd.c:570:19:HAL_SD_ReadBlocks	64	static
../Drivers/STM32F4xx_HAL_Driver/Src/stm32f4xx_hal_sd.c:785:19:HAL_SD_WriteBlocks	80	static
../Drivers/STM32F4xx_HAL_Driver/Src/stm32f4xx_hal_sd.c:973:19:HAL_SD_ReadBlocks_IT	48	static
../Drivers/STM32F4xx_HAL_Driver/Src/stm32f4xx_hal_sd.c:1069:19:HAL_SD_WriteBlocks_IT	40	static
../Drivers/STM32F4xx_HAL_Driver/Src/stm32f4xx_hal_sd.c:1166:19:HAL_SD_ReadBlocks_DMA	56	static
../Drivers/STM32F4xx_HAL_Driver/Src/stm32f4xx_hal_sd.c:1287:19:HAL_SD_WriteBlocks_DMA	48	static
../Drivers/STM32F4xx_HAL_Driver/Src/stm32f4xx_hal_sd.c:1410:19:HAL_SD_Erase	24	static
../Drivers/STM32F4xx_HAL_Driver/Src/stm32f4xx_hal_sd.c:1728:21:HAL_SD_GetState	0	static
../Drivers/STM32F4xx_HAL_Driver/Src/stm32f4xx_hal_sd.c:1739:10:HAL_SD_GetError	0	static
../Drivers/STM32F4xx_HAL_Driver/Src/stm32f4xx_hal_sd.c:1749:13:HAL_SD_TxCpltCallback	0	static
../Drivers/STM32F4xx_HAL_Driver/Src/stm32f4xx_hal_sd.c:1764:13:HAL_SD_RxCpltCallback	0	static
../Drivers/STM32F4xx_HAL_Driver/Src/stm32f4xx_hal_sd.c:1779:13:HAL_SD_ErrorCallback	0	static
../Drivers/STM32F4xx_HAL_Driver/Src/stm32f4xx_hal_sd.c:2506:13:SD_DMAReceiveCplt	8	static
../Drivers/STM32F4xx_HAL_Driver/Src/stm32f4xx_hal_sd.c:1794:13:HAL_SD_AbortCallback	0	static
../Drivers/STM32F4xx_HAL_Driver/Src/stm32f4xx_hal_sd.c:2005:19:HAL_SD_GetCardCID	0	static
../Drivers/STM32F4xx_HAL_Driver/Src/stm32f4xx_hal_sd.c:2038:19:HAL_SD_GetCardCSD	0	static
../Drivers/STM32F4xx_HAL_Driver/Src/stm32f4xx_hal_sd.c:2670:17:SD_InitCard	80	static
../Drivers/STM32F4xx_HAL_Driver/Src/stm32f4xx_hal_sd.c:403:19:HAL_SD_InitCard	56	static
../Drivers/STM32F4xx_HAL_Driver/Src/stm32f4xx_hal_sd.c:335:19:HAL_SD_Init	8	static
../Drivers/STM32F4xx_HAL_Driver/Src/stm32f4xx_hal_sd.c:2152:19:HAL_SD_GetCardStatus	80	static
../Drivers/STM32F4xx_HAL_Driver/Src/stm32f4xx_hal_sd.c:2212:19:HAL_SD_GetCardInfo	0	static
../Drivers/STM32F4xx_HAL_Driver/Src/stm32f4xx_hal_sd.c:2237:19:HAL_SD_ConfigWideBusOperation	56	static
../Drivers/STM32F4xx_HAL_Driver/Src/stm32f4xx_hal_sd.c:2319:25:HAL_SD_GetCardState	16	static
../Drivers/STM32F4xx_HAL_Driver/Src/stm32f4xx_hal_sd.c:2548:13:SD_DMAError	8	static
../Drivers/STM32F4xx_HAL_Driver/Src/stm32f4xx_hal_sd.c:2592:13:SD_DMATxAbort	8	static
../Drivers/STM32F4xx_HAL_Driver/Src/stm32f4xx_hal_sd.c:2631:13:SD_DMARxAbort	8	static
../Drivers/STM32F4xx_HAL_Driver/Src/stm32f4xx_hal_sd.c:1512:6:HAL_SD_IRQHandler	16	static
../Drivers/STM32F4xx_HAL_Driver/Src/stm32f4xx_hal_sd.c:2342:19:HAL_SD_Abort	8	static
../Drivers/STM32F4xx_HAL_Driver/Src/stm32f4xx_hal_sd.c:2406:19:HAL_SD_Abort_IT	8	static
