../Core/Src/blackbox.c:121:9:blackbox_GetCardInfo	8	static
../Core/Src/blackbox.c:96:9:blackbox_Init	8	static
../Core/Src/blackbox.c:196:9:blackbox_SetHeader	0	static
../Core/Src/blackbox.c:264:9:blackbox_BufferData	8	static
../Core/Src/blackbox.c:209:9:blackbox_WriteHeader	8	static
../Core/Src/blackbox.c:142:9:blackbox_CreateFile	432	static
../Core/Src/blackbox.c:331:9:blackboxIsFileFull	0	static
../Core/Src/blackbox.c:337:9:blackbox_Sync	8	static
../Core/Src/blackbox.c:386:10:sdCheckState	8	static
../Core/Src/blackbox.c:216:9:blackbox_WriteSector	16	static
../Core/Src/blackbox.c:242:9:blackbox_WriteRandom	16	static
../Core/Src/blackbox.c:415:6:blackboxFlushBuffers	0	static
../Core/Src/blackbox.c:428:10:blackboxGetBufferAvailable	0	static
../Core/Src/blackbox.c:443:10:blackboxGetDataStored	0	static
../Core/Src/blackbox.c:459:6:blackboxMeasureWritekBps	8	static
../Core/Src/blackbox.c:297:9:blackbox_ProcessData	8	static
../Core/Src/blackbox.c:354:9:blackbox_CloseFile	8	static
../Core/Src/blackbox.c:534:6:sdMeasureLatency	0	static
../Core/Src/blackbox.c:472:6:blackboxSDBenchmark	16	static
../Core/Src/blackbox.c:552:10:blackboxIsInitialized	0	static
../Core/Src/blackbox.c:553:10:sdGetCardType	0	static
../Core/Src/blackbox.c:554:10:sdGetCardVersion	0	static
../Core/Src/blackbox.c:555:10:sdGetCardClass	0	static
../Core/Src/blackbox.c:556:10:sdGetCardAdd	0	static
../Core/Src/blackbox.c:557:10:sdGetCardBlockNber	0	static
../Core/Src/blackbox.c:558:10:sdGetCardBlockSize	0	static
../Core/Src/blackbox.c:559:10:sdGetCardLogBlkNber	0	static
../Core/Src/blackbox.c:560:10:sdGetCardLogBlockSize	0	static
../Core/Src/blackbox.c:561:10:sdGetWritekBps	0	static
../Core/Src/blackbox.c:562:10:blackboxGetBytesWritten	0	static
