../Core/Src/main.c:388:13:MX_SDIO_SD_Init	0	static
../Core/Src/main.c:639:13:MX_GPIO_Init	64	static
../Core/Src/main.c:618:13:MX_DMA_Init	16	static
../Core/Src/main.c:707:5:_write	8	static
../Core/Src/main.c:942:6:HAL_TIM_PeriodElapsedCallback	0	static
../Core/Src/main.c:972:6:Error_Handler	8	static,ignoring_inline_asm
../Core/Src/main.c:351:13:MX_CAN2_Init	8	static
../Core/Src/main.c:416:13:MX_SPI1_Init	8	static
../Core/Src/main.c:499:13:MX_TIM3_Init	32	static
../Core/Src/main.c:582:13:MX_TIM7_Init	16	static
../Core/Src/main.c:544:13:MX_TIM6_Init	16	static
../Core/Src/main.c:454:13:MX_TIM2_Init	32	static
../Core/Src/main.c:304:6:SystemClock_Config	88	static
../Core/Src/main.c:117:5:main	528	static
